Archive member included because of file (symbol)

c:/users/forge-15r/dave-ide-4.4.2-64bit/eclipse/arm-gcc-49/bin/../lib/gcc/arm-none-eabi/4.9.3/../../../../arm-none-eabi/lib/armv7e-m/softfp\libg_nano.a(lib_a-errno.o)
                              ./Libraries/Newlib/syscalls.o (__errno)
c:/users/forge-15r/dave-ide-4.4.2-64bit/eclipse/arm-gcc-49/bin/../lib/gcc/arm-none-eabi/4.9.3/../../../../arm-none-eabi/lib/armv7e-m/softfp\libg_nano.a(lib_a-impure.o)
                              c:/users/forge-15r/dave-ide-4.4.2-64bit/eclipse/arm-gcc-49/bin/../lib/gcc/arm-none-eabi/4.9.3/../../../../arm-none-eabi/lib/armv7e-m/softfp\libg_nano.a(lib_a-errno.o) (_impure_ptr)
c:/users/forge-15r/dave-ide-4.4.2-64bit/eclipse/arm-gcc-49/bin/../lib/gcc/arm-none-eabi/4.9.3/../../../../arm-none-eabi/lib/armv7e-m/softfp\libg_nano.a(lib_a-init.o)
                              ./Startup/startup_XMC4700.o (__libc_init_array)
c:/users/forge-15r/dave-ide-4.4.2-64bit/eclipse/arm-gcc-49/bin/../lib/gcc/arm-none-eabi/4.9.3/../../../../arm-none-eabi/lib/armv7e-m/softfp\libg_nano.a(lib_a-malloc.o)
                              ./Dave/Generated/FREERTOS/heap.o (malloc)
c:/users/forge-15r/dave-ide-4.4.2-64bit/eclipse/arm-gcc-49/bin/../lib/gcc/arm-none-eabi/4.9.3/../../../../arm-none-eabi/lib/armv7e-m/softfp\libg_nano.a(lib_a-memcpy.o)
                              ./Libraries/XMCLib/src/xmc_eth_mac.o (memcpy)
c:/users/forge-15r/dave-ide-4.4.2-64bit/eclipse/arm-gcc-49/bin/../lib/gcc/arm-none-eabi/4.9.3/../../../../arm-none-eabi/lib/armv7e-m/softfp\libg_nano.a(lib_a-memset.o)
                              ./Libraries/XMCLib/src/xmc_usbd.o (memset)
c:/users/forge-15r/dave-ide-4.4.2-64bit/eclipse/arm-gcc-49/bin/../lib/gcc/arm-none-eabi/4.9.3/../../../../arm-none-eabi/lib/armv7e-m/softfp\libg_nano.a(lib_a-nano-freer.o)
                              c:/users/forge-15r/dave-ide-4.4.2-64bit/eclipse/arm-gcc-49/bin/../lib/gcc/arm-none-eabi/4.9.3/../../../../arm-none-eabi/lib/armv7e-m/softfp\libg_nano.a(lib_a-malloc.o) (_free_r)
c:/users/forge-15r/dave-ide-4.4.2-64bit/eclipse/arm-gcc-49/bin/../lib/gcc/arm-none-eabi/4.9.3/../../../../arm-none-eabi/lib/armv7e-m/softfp\libg_nano.a(lib_a-nano-mallocr.o)
                              c:/users/forge-15r/dave-ide-4.4.2-64bit/eclipse/arm-gcc-49/bin/../lib/gcc/arm-none-eabi/4.9.3/../../../../arm-none-eabi/lib/armv7e-m/softfp\libg_nano.a(lib_a-malloc.o) (_malloc_r)
c:/users/forge-15r/dave-ide-4.4.2-64bit/eclipse/arm-gcc-49/bin/../lib/gcc/arm-none-eabi/4.9.3/../../../../arm-none-eabi/lib/armv7e-m/softfp\libg_nano.a(lib_a-sbrkr.o)
                              c:/users/forge-15r/dave-ide-4.4.2-64bit/eclipse/arm-gcc-49/bin/../lib/gcc/arm-none-eabi/4.9.3/../../../../arm-none-eabi/lib/armv7e-m/softfp\libg_nano.a(lib_a-nano-mallocr.o) (_sbrk_r)
c:/users/forge-15r/dave-ide-4.4.2-64bit/eclipse/arm-gcc-49/bin/../lib/gcc/arm-none-eabi/4.9.3/../../../../arm-none-eabi/lib/armv7e-m/softfp\libg_nano.a(lib_a-sprintf.o)
                              ./Dave/Generated/FREERTOS/tasks.o (sprintf)
c:/users/forge-15r/dave-ide-4.4.2-64bit/eclipse/arm-gcc-49/bin/../lib/gcc/arm-none-eabi/4.9.3/../../../../arm-none-eabi/lib/armv7e-m/softfp\libg_nano.a(lib_a-strcpy.o)
                              ./Dave/Generated/FREERTOS/tasks.o (strcpy)
c:/users/forge-15r/dave-ide-4.4.2-64bit/eclipse/arm-gcc-49/bin/../lib/gcc/arm-none-eabi/4.9.3/../../../../arm-none-eabi/lib/armv7e-m/softfp\libg_nano.a(lib_a-strlen.o)
                              ./Dave/Generated/FREERTOS/tasks.o (strlen)
c:/users/forge-15r/dave-ide-4.4.2-64bit/eclipse/arm-gcc-49/bin/../lib/gcc/arm-none-eabi/4.9.3/../../../../arm-none-eabi/lib/armv7e-m/softfp\libg_nano.a(lib_a-nano-svfprintf.o)
                              c:/users/forge-15r/dave-ide-4.4.2-64bit/eclipse/arm-gcc-49/bin/../lib/gcc/arm-none-eabi/4.9.3/../../../../arm-none-eabi/lib/armv7e-m/softfp\libg_nano.a(lib_a-sprintf.o) (_svfprintf_r)
c:/users/forge-15r/dave-ide-4.4.2-64bit/eclipse/arm-gcc-49/bin/../lib/gcc/arm-none-eabi/4.9.3/../../../../arm-none-eabi/lib/armv7e-m/softfp\libg_nano.a(lib_a-nano-vfprintf_i.o)
                              c:/users/forge-15r/dave-ide-4.4.2-64bit/eclipse/arm-gcc-49/bin/../lib/gcc/arm-none-eabi/4.9.3/../../../../arm-none-eabi/lib/armv7e-m/softfp\libg_nano.a(lib_a-nano-svfprintf.o) (_printf_i)
c:/users/forge-15r/dave-ide-4.4.2-64bit/eclipse/arm-gcc-49/bin/../lib/gcc/arm-none-eabi/4.9.3/../../../../arm-none-eabi/lib/armv7e-m/softfp\libg_nano.a(lib_a-reent.o)
                              c:/users/forge-15r/dave-ide-4.4.2-64bit/eclipse/arm-gcc-49/bin/../lib/gcc/arm-none-eabi/4.9.3/../../../../arm-none-eabi/lib/armv7e-m/softfp\libg_nano.a(lib_a-sbrkr.o) (errno)
c:/users/forge-15r/dave-ide-4.4.2-64bit/eclipse/arm-gcc-49/bin/../lib/gcc/arm-none-eabi/4.9.3/../../../../arm-none-eabi/lib/armv7e-m/softfp\libg_nano.a(lib_a-memchr.o)
[...]
Memory Configuration

Name             Origin             Length             Attributes
FLASH_1_cached   0x08000000         0x00200000         xr
FLASH_1_uncached 0x0c000000         0x00200000         xr
PSRAM_1          0x1ffe8000         0x00018000         !xr
DSRAM_1_system   0x20000000         0x00020000         !xr
DSRAM_2_comm     0x20020000         0x00020000         !xr
SRAM_combined    0x1ffe8000         0x00058000         !xr
*default*        0x00000000         0xffffffff

Linker script and memory map

LOAD ./ext_lib/base.o
LOAD ./ext_lib/tle94112el.o
LOAD ./Startup/startup_XMC4700.o
LOAD ./Startup/system_XMC4700.o
LOAD ./Libraries/XMCLib/src/xmc4_eru.o
LOAD ./Libraries/XMCLib/src/xmc4_flash.o
LOAD ./Libraries/XMCLib/src/xmc4_gpio.o
LOAD ./Libraries/XMCLib/src/xmc4_rtc.o
LOAD ./Libraries/XMCLib/src/xmc4_scu.o
LOAD ./Libraries/XMCLib/src/xmc_can.o
LOAD ./Libraries/XMCLib/src/xmc_ccu4.o
LOAD ./Libraries/XMCLib/src/xmc_ccu8.o
LOAD ./Libraries/XMCLib/src/xmc_common.o
LOAD ./Libraries/XMCLib/src/xmc_dac.o
LOAD ./Libraries/XMCLib/src/xmc_dma.o
LOAD ./Libraries/XMCLib/src/xmc_dsd.o
LOAD ./Libraries/XMCLib/src/xmc_ebu.o
LOAD ./Libraries/XMCLib/src/xmc_ecat.o
LOAD ./Libraries/XMCLib/src/xmc_eru.o
LOAD ./Libraries/XMCLib/src/xmc_eth_mac.o
LOAD ./Libraries/XMCLib/src/xmc_eth_phy_dp83848.o
LOAD ./Libraries/XMCLib/src/xmc_eth_phy_ksz8031rnl.o
LOAD ./Libraries/XMCLib/src/xmc_eth_phy_ksz8081rnb.o
LOAD ./Libraries/XMCLib/src/xmc_fce.o
LOAD ./Libraries/XMCLib/src/xmc_gpio.o
LOAD ./Libraries/XMCLib/src/xmc_hrpwm.o
LOAD ./Libraries/XMCLib/src/xmc_i2c.o
LOAD ./Libraries/XMCLib/src/xmc_i2s.o
LOAD ./Libraries/XMCLib/src/xmc_ledts.o
LOAD ./Libraries/XMCLib/src/xmc_posif.o
LOAD ./Libraries/XMCLib/src/xmc_rtc.o
LOAD ./Libraries/XMCLib/src/xmc_sdmmc.o
LOAD ./Libraries/XMCLib/src/xmc_spi.o
LOAD ./Libraries/XMCLib/src/xmc_uart.o
LOAD ./Libraries/XMCLib/src/xmc_usbd.o
LOAD ./Libraries/XMCLib/src/xmc_usbh.o
LOAD ./Libraries/XMCLib/src/xmc_usic.o
LOAD ./Libraries/XMCLib/src/xmc_vadc.o
LOAD ./Libraries/XMCLib/src/xmc_wdt.o
LOAD ./Libraries/Newlib/syscalls.o
LOAD ./Dave/Generated/SPI_MASTER/spi_master.o
LOAD ./Dave/Generated/SPI_MASTER/spi_master_conf.o
LOAD ./Dave/Generated/PIN_INTERRUPT/pin_interrupt.o
LOAD ./Dave/Generated/PIN_INTERRUPT/pin_interrupt_conf.o
LOAD ./Dave/Generated/FREERTOS/portable/Keil/port.o
LOAD ./Dave/Generated/FREERTOS/portable/IAR/port.o
LOAD ./Dave/Generated/FREERTOS/portable/IAR/portasm.o
LOAD ./Dave/Generated/FREERTOS/portable/GCC/port.o
LOAD ./Dave/Generated/FREERTOS/croutine.o
LOAD ./Dave/Generated/FREERTOS/event_groups.o
LOAD ./Dave/Generated/FREERTOS/freertos.o
LOAD ./Dave/Generated/FREERTOS/heap.o
LOAD ./Dave/Generated/FREERTOS/list.o
LOAD ./Dave/Generated/FREERTOS/mpu_wrappers.o
LOAD ./Dave/Generated/FREERTOS/queue.o
LOAD ./Dave/Generated/FREERTOS/stream_buffer.o
LOAD ./Dave/Generated/FREERTOS/tasks.o
LOAD ./Dave/Generated/FREERTOS/timers.o
LOAD ./Dave/Generated/DIGITAL_IO/digital_io.o
LOAD ./Dave/Generated/DIGITAL_IO/digital_io_conf.o
LOAD ./Dave/Generated/CPU_CTRL_XMC4/cpu_ctrl_xmc4.o
LOAD ./Dave/Generated/CPU_CTRL_XMC4/cpu_ctrl_xmc4_conf.o
LOAD ./Dave/Generated/CLOCK_XMC4/clock_xmc4.o
LOAD ./Dave/Generated/CLOCK_XMC4/clock_xmc4_conf.o
LOAD ./Dave/Generated/DAVE.o
LOAD ./main.o
LOAD c:/users/forge-15r/dave-ide-4.4.2-64bit/eclipse/arm-gcc-49/bin/../lib/gcc/arm-none-eabi/4.9.3/../../../../arm-none-eabi/lib/armv7e-m/softfp\libm.a
START GROUP
LOAD c:/users/forge-15r/dave-ide-4.4.2-64bit/eclipse/arm-gcc-49/bin/../lib/gcc/arm-none-eabi/4.9.3/armv7e-m/softfp\libgcc.a
LOAD c:/users/forge-15r/dave-ide-4.4.2-64bit/eclipse/arm-gcc-49/bin/../lib/gcc/arm-none-eabi/4.9.3/../../../../arm-none-eabi/lib/armv7e-m/softfp\libg_nano.a
LOAD c:/users/forge-15r/dave-ide-4.4.2-64bit/eclipse/arm-gcc-49/bin/../lib/gcc/arm-none-eabi/4.9.3/../../../../arm-none-eabi/lib/armv7e-m/softfp\libc_nano.a
END GROUP
START GROUP
LOAD c:/users/forge-15r/dave-ide-4.4.2-64bit/eclipse/arm-gcc-49/bin/../lib/gcc/arm-none-eabi/4.9.3/armv7e-m/softfp\libgcc.a
LOAD c:/users/forge-15r/dave-ide-4.4.2-64bit/eclipse/arm-gcc-49/bin/../lib/gcc/arm-none-eabi/4.9.3/../../../../arm-none-eabi/lib/armv7e-m/softfp\libc_nano.a
LOAD c:/users/forge-15r/dave-ide-4.4.2-64bit/eclipse/arm-gcc-49/bin/../lib/gcc/arm-none-eabi/4.9.3/../../../../arm-none-eabi/lib/armv7e-m/softfp\libnosys.a
END GROUP
START GROUP
LOAD c:/users/forge-15r/dave-ide-4.4.2-64bit/eclipse/arm-gcc-49/bin/../lib/gcc/arm-none-eabi/4.9.3/armv7e-m/softfp\libgcc.a
LOAD c:/users/forge-15r/dave-ide-4.4.2-64bit/eclipse/arm-gcc-49/bin/../lib/gcc/arm-none-eabi/4.9.3/../../../../arm-none-eabi/lib/armv7e-m/softfp\libc_nano.a
LOAD c:/users/forge-15r/dave-ide-4.4.2-64bit/eclipse/arm-gcc-49/bin/../lib/gcc/arm-none-eabi/4.9.3/../../../../arm-none-eabi/lib/armv7e-m/softfp\libnosys.a
END GROUP
                0x00000800                stack_size = DEFINED (stack_size)?stack_size:0x800
                0x00000040                no_init_size = 0x40

.text           0x08000000     0x5a18 load address 0x0c000000
                0x08000000                sText = .
 *(.reset)
 .reset         0x08000000      0x29c ./Startup/startup_XMC4700.o
                0x08000000                __Vectors
                0x08000200                Reset_Handler
                0x08000298                DSD0_7_IRQHandler
                0x08000298                DebugMon_Handler
                0x08000298                VADC0_C0_0_IRQHandler
                0x08000298                CAN0_4_IRQHandler
                0x08000298                VADC0_G2_0_IRQHandler
                0x08000298                USIC0_5_IRQHandler
                0x08000298                POSIF0_0_IRQHandler
                0x08000298                POSIF1_0_IRQHandler
                0x08000298                HardFault_Handler
                0x08000298                VADC0_G1_1_IRQHandler
                0x08000298                NMI_Handler
                0x08000298                USIC1_3_IRQHandler
                0x08000298                CCU40_2_IRQHandler
                0x08000298                SCU_0_IRQHandler
                0x08000298                CCU41_0_IRQHandler
                0x08000298                USIC1_5_IRQHandler
                0x08000298                DSD0_4_IRQHandler
                0x08000298                CCU80_1_IRQHandler
                0x08000298                CCU81_0_IRQHandler
                0x08000298                UsageFault_Handler
                0x08000298                USIC0_0_IRQHandler
                0x08000298                POSIF1_1_IRQHandler
                0x08000298                CCU81_1_IRQHandler
                0x08000298                ERU1_1_IRQHandler
                0x08000298                VADC0_G2_3_IRQHandler
                0x08000298                VADC0_G2_2_IRQHandler
                0x08000298                CCU42_3_IRQHandler
                0x08000298                DSD0_5_IRQHandler
                0x08000298                VADC0_C0_3_IRQHandler
                0x08000298                CAN0_6_IRQHandler
                0x08000298                CCU43_0_IRQHandler
                0x08000298                VADC0_G0_1_IRQHandler
                0x08000298                CCU81_2_IRQHandler
                0x08000298                USIC2_4_IRQHandler
                0x08000298                CCU81_3_IRQHandler
                0x08000298                CCU42_1_IRQHandler
                0x08000298                USIC1_1_IRQHandler
                0x08000298                USIC2_5_IRQHandler
                0x08000298                CCU40_0_IRQHandler
                0x08000298                CAN0_0_IRQHandler
                0x08000298                CCU42_2_IRQHandler
                0x08000298                Default_Handler
                0x08000298                USIC1_4_IRQHandler
                0x08000298                ERU1_3_IRQHandler
                0x08000298                USIC1_0_IRQHandler
                0x08000298                POSIF0_1_IRQHandler
                0x08000298                VADC0_G0_0_IRQHandler
                0x08000298                DSD0_2_IRQHandler
                0x08000298                CCU80_3_IRQHandler
                0x08000298                CCU41_3_IRQHandler
                0x08000298                CCU80_2_IRQHandler
                0x08000298                VADC0_G1_3_IRQHandler
                0x08000298                VADC0_G0_3_IRQHandler
                0x08000298                GPDMA0_0_IRQHandler
                0x08000298                PMU0_0_IRQHandler
                0x08000298                CAN0_7_IRQHandler
                0x08000298                DSD0_1_IRQHandler
                0x08000298                CCU41_2_IRQHandler
                0x08000298                VADC0_C0_1_IRQHandler
                0x08000298                CCU43_2_IRQHandler
                0x08000298                MemManage_Handler
                0x08000298                VADC0_G3_1_IRQHandler
                0x08000298                DAC0_0_IRQHandler
                0x08000298                VADC0_G3_3_IRQHandler
                0x08000298                ERU1_2_IRQHandler
                0x08000298                CCU41_1_IRQHandler
                0x08000298                DSD0_6_IRQHandler
                0x08000298                CCU43_1_IRQHandler
                0x08000298                VADC0_G1_2_IRQHandler
                0x08000298                CAN0_2_IRQHandler
                0x08000298                USIC2_0_IRQHandler
                0x08000298                VADC0_G0_2_IRQHandler
                0x08000298                VADC0_G2_1_IRQHandler
                0x08000298                CAN0_3_IRQHandler
                0x08000298                ETH0_0_IRQHandler
                0x08000298                USIC0_3_IRQHandler
                0x08000298                DSD0_0_IRQHandler
                0x08000298                VADC0_C0_2_IRQHandler
                0x08000298                CCU42_0_IRQHandler
                0x08000298                FCE0_0_IRQHandler
                0x08000298                VADC0_G1_0_IRQHandler
                0x08000298                USB0_0_IRQHandler
                0x08000298                CAN0_5_IRQHandler
                0x08000298                CCU80_0_IRQHandler
                0x08000298                CCU40_1_IRQHandler
                0x08000298                USIC2_1_IRQHandler
                0x08000298                USIC0_1_IRQHandler
                0x08000298                VADC0_G3_2_IRQHandler
                0x08000298                CCU40_3_IRQHandler
                0x08000298                BusFault_Handler
                0x08000298                LEDTS0_0_IRQHandler
                0x08000298                USIC0_4_IRQHandler
                0x08000298                CCU43_3_IRQHandler
                0x08000298                ERU0_1_IRQHandler
                0x08000298                VADC0_G3_0_IRQHandler
                0x08000298                USIC1_2_IRQHandler
                0x08000298                DSD0_3_IRQHandler
                0x08000298                SDMMC0_0_IRQHandler
                0x08000298                CAN0_1_IRQHandler
                0x08000298                USIC0_2_IRQHandler
                0x08000298                DAC0_1_IRQHandler
                0x08000298                GPDMA1_0_IRQHandler
 *(.text .text.* .gnu.linkonce.t.*)
 .text.TLE94112EL_SetHBRegdata
                0x0800029c       0x9c ./ext_lib/base.o
                0x0800029c                TLE94112EL_SetHBRegdata
 .text.TLE94112EL_Enable
                0x08000338       0x18 ./ext_lib/tle94112el.o
                0x08000338                TLE94112EL_Enable
 .text.SystemInit
                0x08000350       0x20 ./Startup/system_XMC4700.o
                0x08000350                SystemInit
 .text.SystemCoreClockUpdate
                0x08000370       0xd4 ./Startup/system_XMC4700.o
                0x08000370                SystemCoreClockUpdate
 .text.XMC_ERU_Enable
                0x08000444       0x2c ./Libraries/XMCLib/src/xmc4_eru.o
                0x08000444                XMC_ERU_Enable
 .text.XMC_GPIO_Init
                0x08000470      0x14c ./Libraries/XMCLib/src/xmc4_gpio.o
                0x08000470                XMC_GPIO_Init
 .text.XMC_SCU_CLOCK_GetCpuClockFrequency
                0x080005bc       0x18 ./Libraries/XMCLib/src/xmc4_scu.o
 .text.XMC_SCU_GetMirrorStatus
                0x080005d4       0x18 ./Libraries/XMCLib/src/xmc4_scu.o
 .text.XMC_SCU_lDelay
                0x080005ec       0x44 ./Libraries/XMCLib/src/xmc4_scu.o
 .text.XMC_SCU_INTERUPT_GetEventStatus
                0x08000630       0x18 ./Libraries/XMCLib/src/xmc4_scu.o
                0x08000630                XMC_SCU_INTERUPT_GetEventStatus
 .text.XMC_SCU_INTERRUPT_ClearEventStatus
                0x08000648       0x1c ./Libraries/XMCLib/src/xmc4_scu.o
                0x08000648                XMC_SCU_INTERRUPT_ClearEventStatus
 .text.XMC_SCU_CLOCK_Init
                0x08000664       0xec ./Libraries/XMCLib/src/xmc4_scu.o
                0x08000664                XMC_SCU_CLOCK_Init
 .text.XMC_SCU_RESET_DeassertPeripheralReset
                0x08000750       0x38 ./Libraries/XMCLib/src/xmc4_scu.o
                0x08000750                XMC_SCU_RESET_DeassertPeripheralReset
 .text.XMC_SCU_RESET_IsPeripheralResetAsserted
                0x08000788       0x48 ./Libraries/XMCLib/src/xmc4_scu.o
                0x08000788                XMC_SCU_RESET_IsPeripheralResetAsserted
 .text.XMC_SCU_CLOCK_GetPeripheralClockFrequency
                0x080007d0       0x20 ./Libraries/XMCLib/src/xmc4_scu.o
                0x080007d0                XMC_SCU_CLOCK_GetPeripheralClockFrequency
 .text.XMC_SCU_CLOCK_SetSystemClockSource
                0x080007f0       0x28 ./Libraries/XMCLib/src/xmc4_scu.o
                0x080007f0                XMC_SCU_CLOCK_SetSystemClockSource
 .text.XMC_SCU_CLOCK_SetUsbClockSource
                0x08000818       0x28 ./Libraries/XMCLib/src/xmc4_scu.o
                0x08000818                XMC_SCU_CLOCK_SetUsbClockSource
 .text.XMC_SCU_CLOCK_SetWdtClockSource
                0x08000840       0x28 ./Libraries/XMCLib/src/xmc4_scu.o
                0x08000840                XMC_SCU_CLOCK_SetWdtClockSource
 .text.XMC_SCU_CLOCK_SetSystemPllClockSource
                0x08000868       0x40 ./Libraries/XMCLib/src/xmc4_scu.o
                0x08000868                XMC_SCU_CLOCK_SetSystemPllClockSource
 .text.XMC_SCU_HIB_SetRtcClockSource
                0x080008a8       0x3c ./Libraries/XMCLib/src/xmc4_scu.o
                0x080008a8                XMC_SCU_HIB_SetRtcClockSource
 .text.XMC_SCU_HIB_SetStandbyClockSource
                0x080008e4       0x3c ./Libraries/XMCLib/src/xmc4_scu.o
                0x080008e4                XMC_SCU_HIB_SetStandbyClockSource
 .text.XMC_SCU_CLOCK_SetSystemClockDivider
                0x08000920       0x28 ./Libraries/XMCLib/src/xmc4_scu.o
                0x08000920                XMC_SCU_CLOCK_SetSystemClockDivider
 .text.XMC_SCU_CLOCK_SetCcuClockDivider
                0x08000948       0x28 ./Libraries/XMCLib/src/xmc4_scu.o
                0x08000948                XMC_SCU_CLOCK_SetCcuClockDivider
 .text.XMC_SCU_CLOCK_SetCpuClockDivider
                0x08000970       0x28 ./Libraries/XMCLib/src/xmc4_scu.o
                0x08000970                XMC_SCU_CLOCK_SetCpuClockDivider
 .text.XMC_SCU_CLOCK_SetPeripheralClockDivider
                0x08000998       0x28 ./Libraries/XMCLib/src/xmc4_scu.o
                0x08000998                XMC_SCU_CLOCK_SetPeripheralClockDivider
 .text.XMC_SCU_CLOCK_SetUsbClockDivider
                0x080009c0       0x28 ./Libraries/XMCLib/src/xmc4_scu.o
                0x080009c0                XMC_SCU_CLOCK_SetUsbClockDivider
 .text.XMC_SCU_CLOCK_SetEbuClockDivider
                0x080009e8       0x28 ./Libraries/XMCLib/src/xmc4_scu.o
                0x080009e8                XMC_SCU_CLOCK_SetEbuClockDivider
 .text.XMC_SCU_CLOCK_SetWdtClockDivider
                0x08000a10       0x28 ./Libraries/XMCLib/src/xmc4_scu.o
                0x08000a10                XMC_SCU_CLOCK_SetWdtClockDivider
 .text.XMC_SCU_CLOCK_UngatePeripheralClock
                0x08000a38       0x38 ./Libraries/XMCLib/src/xmc4_scu.o
                0x08000a38                XMC_SCU_CLOCK_UngatePeripheralClock
 .text.XMC_SCU_CLOCK_IsPeripheralClockGated
                0x08000a70       0x48 ./Libraries/XMCLib/src/xmc4_scu.o
                0x08000a70                XMC_SCU_CLOCK_IsPeripheralClockGated
 .text.XMC_SCU_CLOCK_StartUsbPll
                0x08000ab8       0x74 ./Libraries/XMCLib/src/xmc4_scu.o
                0x08000ab8                XMC_SCU_CLOCK_StartUsbPll
 .text.XMC_SCU_CLOCK_SetBackupClockCalibrationMode
                0x08000b2c       0x4c ./Libraries/XMCLib/src/xmc4_scu.o
                0x08000b2c                XMC_SCU_CLOCK_SetBackupClockCalibrationMode
 .text.XMC_SCU_HIB_EnableHibernateDomain
                0x08000b78       0x58 ./Libraries/XMCLib/src/xmc4_scu.o
                0x08000b78                XMC_SCU_HIB_EnableHibernateDomain
 .text.XMC_SCU_CLOCK_IsLowPowerOscillatorStable
                0x08000bd0       0x24 ./Libraries/XMCLib/src/xmc4_scu.o
                0x08000bd0                XMC_SCU_CLOCK_IsLowPowerOscillatorStable
 .text.XMC_SCU_CLOCK_EnableLowPowerOscillator
                0x08000bf4       0x70 ./Libraries/XMCLib/src/xmc4_scu.o
                0x08000bf4                XMC_SCU_CLOCK_EnableLowPowerOscillator
 .text.XMC_SCU_CLOCK_EnableHighPerformanceOscillator
                0x08000c64       0x50 ./Libraries/XMCLib/src/xmc4_scu.o
                0x08000c64                XMC_SCU_CLOCK_EnableHighPerformanceOscillator
 .text.XMC_SCU_CLOCK_IsHighPerformanceOscillatorStable
                0x08000cb4       0x28 ./Libraries/XMCLib/src/xmc4_scu.o
                0x08000cb4                XMC_SCU_CLOCK_IsHighPerformanceOscillatorStable
 .text.XMC_SCU_CLOCK_EnableSystemPll
                0x08000cdc       0x20 ./Libraries/XMCLib/src/xmc4_scu.o
                0x08000cdc                XMC_SCU_CLOCK_EnableSystemPll
 .text.XMC_SCU_CLOCK_DisableSystemPll
                0x08000cfc       0x20 ./Libraries/XMCLib/src/xmc4_scu.o
                0x08000cfc                XMC_SCU_CLOCK_DisableSystemPll
 .text.XMC_SCU_CLOCK_StartSystemPll
                0x08000d1c      0x174 ./Libraries/XMCLib/src/xmc4_scu.o
                0x08000d1c                XMC_SCU_CLOCK_StartSystemPll
 .text.XMC_SCU_CLOCK_StepSystemPllFrequency
                0x08000e90       0x2c ./Libraries/XMCLib/src/xmc4_scu.o
                0x08000e90                XMC_SCU_CLOCK_StepSystemPllFrequency
 .text.XMC_ERU_ETL_Init
                0x08000ebc       0x4c ./Libraries/XMCLib/src/xmc_eru.o
                0x08000ebc                XMC_ERU_ETL_Init
 .text.XMC_ERU_OGU_SetServiceRequestMode
                0x08000f08       0x3c ./Libraries/XMCLib/src/xmc_eru.o
                0x08000f08                XMC_ERU_OGU_SetServiceRequestMode
 .text.XMC_GPIO_SetHardwareControl
                0x08000f44       0x44 ./Libraries/XMCLib/src/xmc_gpio.o
                0x08000f44                XMC_GPIO_SetHardwareControl
 .text.XMC_SPI_CH_Init
                0x08000f88       0x80 ./Libraries/XMCLib/src/xmc_spi.o
                0x08000f88                XMC_SPI_CH_Init
 .text.XMC_SPI_CH_EnableSlaveSelect
                0x08001008       0x2c ./Libraries/XMCLib/src/xmc_spi.o
                0x08001008                XMC_SPI_CH_EnableSlaveSelect
 .text.XMC_SPI_CH_GetReceivedData
                0x08001034       0x34 ./Libraries/XMCLib/src/xmc_spi.o
                0x08001034                XMC_SPI_CH_GetReceivedData
 .text.XMC_SPI_CH_DisableEvent
                0x08001068       0x38 ./Libraries/XMCLib/src/xmc_spi.o
                0x08001068                XMC_SPI_CH_DisableEvent
 .text.XMC_USIC_CH_Enable
                0x080010a0       0x98 ./Libraries/XMCLib/src/xmc_usic.o
                0x080010a0                XMC_USIC_CH_Enable
 .text.XMC_USIC_CH_SetBaudrate
                0x08001138       0xe0 ./Libraries/XMCLib/src/xmc_usic.o
                0x08001138                XMC_USIC_CH_SetBaudrate
 .text.XMC_USIC_CH_SetBaudrateEx
                0x08001218      0x100 ./Libraries/XMCLib/src/xmc_usic.o
                0x08001218                XMC_USIC_CH_SetBaudrateEx
 .text.XMC_USIC_CH_TXFIFO_Configure
                0x08001318       0x50 ./Libraries/XMCLib/src/xmc_usic.o
                0x08001318                XMC_USIC_CH_TXFIFO_Configure
 .text.XMC_USIC_CH_RXFIFO_Configure
                0x08001368       0x54 ./Libraries/XMCLib/src/xmc_usic.o
                0x08001368                XMC_USIC_CH_RXFIFO_Configure
 .text.XMC_USIC_CH_RXFIFO_SetSizeTriggerLimit
                0x080013bc       0x44 ./Libraries/XMCLib/src/xmc_usic.o
                0x080013bc                XMC_USIC_CH_RXFIFO_SetSizeTriggerLimit
 .text.XMC_USIC_CH_SetInterruptNodePointer
                0x08001400       0x38 ./Libraries/XMCLib/src/xmc_usic.o
                0x08001400                XMC_USIC_CH_SetInterruptNodePointer
 .text.XMC_USIC_CH_TXFIFO_SetInterruptNodePointer
                0x08001438       0x3c ./Libraries/XMCLib/src/xmc_usic.o
                0x08001438                XMC_USIC_CH_TXFIFO_SetInterruptNodePointer
 .text.XMC_USIC_CH_RXFIFO_SetInterruptNodePointer
                0x08001474       0x3c ./Libraries/XMCLib/src/xmc_usic.o
                0x08001474                XMC_USIC_CH_RXFIFO_SetInterruptNodePointer
 .text.XMC_USIC_Enable
                0x080014b0       0xc0 ./Libraries/XMCLib/src/xmc_usic.o
                0x080014b0                XMC_USIC_Enable
 .text._sbrk    0x08001570       0x68 ./Libraries/Newlib/syscalls.o
                0x08001570                _sbrk
 .text._init    0x080015d8        0xc ./Libraries/Newlib/syscalls.o
                0x080015d8                _init
 .text.XMC_USIC_CH_WriteToTBUFTCI
                0x080015e4       0x24 ./Dave/Generated/SPI_MASTER/spi_master.o
 .text.XMC_USIC_CH_EnableEvent
                0x08001608       0x20 ./Dave/Generated/SPI_MASTER/spi_master.o
 .text.XMC_USIC_CH_DisableEvent
                0x08001628       0x24 ./Dave/Generated/SPI_MASTER/spi_master.o
 .text.XMC_USIC_CH_GetTransmitBufferStatus
                0x0800164c       0x20 ./Dave/Generated/SPI_MASTER/spi_master.o
 .text.XMC_USIC_CH_GetReceiveBufferStatus
                0x0800166c       0x1c ./Dave/Generated/SPI_MASTER/spi_master.o
 .text.XMC_USIC_CH_TriggerServiceRequest
                0x08001688       0x20 ./Dave/Generated/SPI_MASTER/spi_master.o
 .text.XMC_USIC_CH_TXFIFO_EnableEvent
                0x080016a8       0x24 ./Dave/Generated/SPI_MASTER/spi_master.o
 .text.XMC_USIC_CH_TXFIFO_DisableEvent
                0x080016cc       0x28 ./Dave/Generated/SPI_MASTER/spi_master.o
 .text.XMC_USIC_CH_TXFIFO_PutDataHPCMode
                0x080016f4       0x24 ./Dave/Generated/SPI_MASTER/spi_master.o
 .text.XMC_USIC_CH_TXFIFO_Flush
                0x08001718       0x1c ./Dave/Generated/SPI_MASTER/spi_master.o
 .text.XMC_USIC_CH_TXFIFO_IsFull
                0x08001734       0x28 ./Dave/Generated/SPI_MASTER/spi_master.o
 .text.XMC_USIC_CH_TXFIFO_IsEmpty
                0x0800175c       0x28 ./Dave/Generated/SPI_MASTER/spi_master.o
 .text.XMC_USIC_CH_RXFIFO_EnableEvent
                0x08001784       0x24 ./Dave/Generated/SPI_MASTER/spi_master.o
 .text.XMC_USIC_CH_RXFIFO_DisableEvent
                0x080017a8       0x28 ./Dave/Generated/SPI_MASTER/spi_master.o
 .text.XMC_USIC_CH_RXFIFO_Flush
                0x080017d0       0x1c ./Dave/Generated/SPI_MASTER/spi_master.o
 .text.XMC_USIC_CH_RXFIFO_IsEmpty
                0x080017ec       0x28 ./Dave/Generated/SPI_MASTER/spi_master.o
 .text.XMC_SPI_CH_SetTransmitMode
                0x08001814       0x2c ./Dave/Generated/SPI_MASTER/spi_master.o
 .text.SPI_MASTER_Init
                0x08001840       0x20 ./Dave/Generated/SPI_MASTER/spi_master.o
                0x08001840                SPI_MASTER_Init
 .text.SPI_MASTER_Transmit
                0x08001860       0x34 ./Dave/Generated/SPI_MASTER/spi_master.o
                0x08001860                SPI_MASTER_Transmit
 .text.SPI_MASTER_StartTransmitIRQ
                0x08001894       0xec ./Dave/Generated/SPI_MASTER/spi_master.o
                0x08001894                SPI_MASTER_StartTransmitIRQ
 .text.SPI_MASTER_Transfer
                0x08001980       0xb0 ./Dave/Generated/SPI_MASTER/spi_master.o
                0x08001980                SPI_MASTER_Transfer
 .text.SPI_MASTER_lTransmitHandler
                0x08001a30      0x1c8 ./Dave/Generated/SPI_MASTER/spi_master.o
                0x08001a30                SPI_MASTER_lTransmitHandler
 .text.SPI_MASTER_lReceiveIRQ
                0x08001bf8       0xac ./Dave/Generated/SPI_MASTER/spi_master.o
 .text.SPI_MASTER_lReceiveHandler
                0x08001ca4      0x1a4 ./Dave/Generated/SPI_MASTER/spi_master.o
                0x08001ca4                SPI_MASTER_lReceiveHandler
 .text.SPI_MASTER_lFIFORead
                0x08001e48       0xc4 ./Dave/Generated/SPI_MASTER/spi_master.o
 .text.SPI_MASTER_lReconfigureRxFIFO
                0x08001f0c       0x70 ./Dave/Generated/SPI_MASTER/spi_master.o
 .text.SPI_MASTER_lStdRBUFFlush
                0x08001f7c       0x1c ./Dave/Generated/SPI_MASTER/spi_master.o
 .text.__NVIC_GetPriorityGrouping
                0x08001f98       0x1c ./Dave/Generated/SPI_MASTER/spi_master_conf.o
 .text.__NVIC_EnableIRQ
                0x08001fb4       0x38 ./Dave/Generated/SPI_MASTER/spi_master_conf.o
 .text.__NVIC_SetPriority
                0x08001fec       0x54 ./Dave/Generated/SPI_MASTER/spi_master_conf.o
 .text.NVIC_EncodePriority
                0x08002040       0x64 ./Dave/Generated/SPI_MASTER/spi_master_conf.o
 .text.XMC_USIC_CH_SetInputSource
                0x080020a4       0x3c ./Dave/Generated/SPI_MASTER/spi_master_conf.o
 .text.XMC_USIC_CH_SetWordLength
                0x080020e0       0x2c ./Dave/Generated/SPI_MASTER/spi_master_conf.o
 .text.XMC_USIC_CH_SetFrameLength
                0x0800210c       0x2c ./Dave/Generated/SPI_MASTER/spi_master_conf.o
 .text.XMC_USIC_CH_ConfigureShiftClockOutput
                0x08002138       0x2c ./Dave/Generated/SPI_MASTER/spi_master_conf.o
 .text.XMC_USIC_CH_SetMode
                0x08002164       0x28 ./Dave/Generated/SPI_MASTER/spi_master_conf.o
 .text.XMC_SPI_CH_Start
                0x0800218c       0x18 ./Dave/Generated/SPI_MASTER/spi_master_conf.o
 .text.XMC_SPI_CH_SetSlaveSelectDelay
                0x080021a4       0x2c ./Dave/Generated/SPI_MASTER/spi_master_conf.o
 .text.XMC_SPI_CH_ConfigureShiftClockOutput
                0x080021d0       0x1c ./Dave/Generated/SPI_MASTER/spi_master_conf.o
 .text.XMC_SPI_CH_SetWordLength
                0x080021ec       0x1c ./Dave/Generated/SPI_MASTER/spi_master_conf.o
 .text.XMC_SPI_CH_SetFrameLength
                0x08002208       0x1c ./Dave/Generated/SPI_MASTER/spi_master_conf.o
 .text.XMC_SPI_CH_SetInputSource
                0x08002224       0x44 ./Dave/Generated/SPI_MASTER/spi_master_conf.o
 .text.SPI_MASTER_0_lInit
                0x08002268      0x120 ./Dave/Generated/SPI_MASTER/spi_master_conf.o
 .text.USIC2_3_IRQHandler
                0x08002388       0x10 ./Dave/Generated/SPI_MASTER/spi_master_conf.o
                0x08002388                USIC2_3_IRQHandler
 .text.USIC2_2_IRQHandler
                0x08002398       0x10 ./Dave/Generated/SPI_MASTER/spi_master_conf.o
                0x08002398                USIC2_2_IRQHandler
 .text.__NVIC_GetPriorityGrouping
                0x080023a8       0x1c ./Dave/Generated/PIN_INTERRUPT/pin_interrupt.o
 .text.__NVIC_EnableIRQ
                0x080023c4       0x38 ./Dave/Generated/PIN_INTERRUPT/pin_interrupt.o
 .text.__NVIC_ClearPendingIRQ
                0x080023fc       0x3c ./Dave/Generated/PIN_INTERRUPT/pin_interrupt.o
 .text.__NVIC_SetPriority
                0x08002438       0x54 ./Dave/Generated/PIN_INTERRUPT/pin_interrupt.o
 .text.NVIC_EncodePriority
                0x0800248c       0x64 ./Dave/Generated/PIN_INTERRUPT/pin_interrupt.o
 .text.PIN_INTERRUPT_Init
                0x080024f0       0xa0 ./Dave/Generated/PIN_INTERRUPT/pin_interrupt.o
                0x080024f0                PIN_INTERRUPT_Init
 .text.pxPortInitialiseStack
                0x08002590       0x68 ./Dave/Generated/FREERTOS/portable/GCC/port.o
                0x08002590                pxPortInitialiseStack
 .text.prvTaskExitError
                0x080025f8       0x50 ./Dave/Generated/FREERTOS/portable/GCC/port.o
 *fill*         0x08002648        0x8 
 .text.SVC_Handler
                0x08002650       0x30 ./Dave/Generated/FREERTOS/portable/GCC/port.o
                0x08002650                SVC_Handler
 .text.prvPortStartFirstTask
                0x08002680       0x28 ./Dave/Generated/FREERTOS/portable/GCC/port.o
 .text.xPortStartScheduler
                0x080026a8      0x13c ./Dave/Generated/FREERTOS/portable/GCC/port.o
                0x080026a8                xPortStartScheduler
 .text.vPortEnterCritical
                0x080027e4       0x5c ./Dave/Generated/FREERTOS/portable/GCC/port.o
                0x080027e4                vPortEnterCritical
 .text.vPortExitCritical
                0x08002840       0x4c ./Dave/Generated/FREERTOS/portable/GCC/port.o
                0x08002840                vPortExitCritical
 *fill*         0x0800288c        0x4 
 .text.PendSV_Handler
                0x08002890       0x70 ./Dave/Generated/FREERTOS/portable/GCC/port.o
                0x08002890                PendSV_Handler
 .text.SysTick_Handler
                0x08002900       0x40 ./Dave/Generated/FREERTOS/portable/GCC/port.o
                0x08002900                SysTick_Handler
 .text.vPortSetupTimerInterrupt
                0x08002940       0x44 ./Dave/Generated/FREERTOS/portable/GCC/port.o
                0x08002940                vPortSetupTimerInterrupt
 .text.vPortEnableVFP
                0x08002984       0x14 ./Dave/Generated/FREERTOS/portable/GCC/port.o
 .text.vPortValidateInterruptPriority
                0x08002998       0x78 ./Dave/Generated/FREERTOS/portable/GCC/port.o
                0x08002998                vPortValidateInterruptPriority
 .text.pvPortMalloc
                0x08002a10       0x24 ./Dave/Generated/FREERTOS/heap.o
                0x08002a10                pvPortMalloc
 .text.vPortFree
                0x08002a34       0x24 ./Dave/Generated/FREERTOS/heap.o
                0x08002a34                vPortFree
 .text.vListInitialise
                0x08002a58       0x40 ./Dave/Generated/FREERTOS/list.o
                0x08002a58                vListInitialise
 .text.vListInitialiseItem
                0x08002a98       0x18 ./Dave/Generated/FREERTOS/list.o
                0x08002a98                vListInitialiseItem
 .text.vListInsertEnd
                0x08002ab0       0x48 ./Dave/Generated/FREERTOS/list.o
                0x08002ab0                vListInsertEnd
 .text.vListInsert
                0x08002af8       0x70 ./Dave/Generated/FREERTOS/list.o
                0x08002af8                vListInsert
 .text.uxListRemove
                0x08002b68       0x54 ./Dave/Generated/FREERTOS/list.o
                0x08002b68                uxListRemove
 .text.xQueueGenericReset
                0x08002bbc       0xd0 ./Dave/Generated/FREERTOS/queue.o
                0x08002bbc                xQueueGenericReset
 .text.xQueueGenericCreate
                0x08002c8c       0x78 ./Dave/Generated/FREERTOS/queue.o
                0x08002c8c                xQueueGenericCreate
 .text.prvInitialiseNewQueue
                0x08002d04       0x4c ./Dave/Generated/FREERTOS/queue.o
 .text.xQueueGenericSend
                0x08002d50      0x23c ./Dave/Generated/FREERTOS/queue.o
                0x08002d50                xQueueGenericSend
 .text.xQueueGenericSendFromISR
                0x08002f8c      0x14c ./Dave/Generated/FREERTOS/queue.o
                0x08002f8c                xQueueGenericSendFromISR
 .text.xQueueGiveFromISR
                0x080030d8      0x138 ./Dave/Generated/FREERTOS/queue.o
                0x080030d8                xQueueGiveFromISR
 .text.xQueueReceive
                0x08003210      0x1c0 ./Dave/Generated/FREERTOS/queue.o
                0x08003210                xQueueReceive
 .text.xQueueSemaphoreTake
                0x080033d0      0x214 ./Dave/Generated/FREERTOS/queue.o
                0x080033d0                xQueueSemaphoreTake
 .text.prvGetDisinheritPriorityAfterTimeout
                0x080035e4       0x30 ./Dave/Generated/FREERTOS/queue.o
 .text.prvCopyDataToQueue
                0x08003614       0xd8 ./Dave/Generated/FREERTOS/queue.o
 .text.prvCopyDataFromQueue
                0x080036ec       0x4c ./Dave/Generated/FREERTOS/queue.o
 .text.prvUnlockQueue
                0x08003738       0xc0 ./Dave/Generated/FREERTOS/queue.o
 .text.prvIsQueueEmpty
                0x080037f8       0x2c ./Dave/Generated/FREERTOS/queue.o
 .text.prvIsQueueFull
                0x08003824       0x30 ./Dave/Generated/FREERTOS/queue.o
 .text.vQueueAddToRegistry
                0x08003854       0x50 ./Dave/Generated/FREERTOS/queue.o
                0x08003854                vQueueAddToRegistry
 .text.vQueueWaitForMessageRestricted
                0x080038a4       0x6c ./Dave/Generated/FREERTOS/queue.o
                0x080038a4                vQueueWaitForMessageRestricted
 .text.prvNotifyQueueSetContainer
                0x08003910       0xb4 ./Dave/Generated/FREERTOS/queue.o
 .text.xTaskCreate
                0x080039c4       0x84 ./Dave/Generated/FREERTOS/tasks.o
                0x080039c4                xTaskCreate
 .text.prvInitialiseNewTask
                0x08003a48      0x144 ./Dave/Generated/FREERTOS/tasks.o
 .text.prvAddNewTaskToReadyList
                0x08003b8c       0xe0 ./Dave/Generated/FREERTOS/tasks.o
 .text.vTaskStartScheduler
                0x08003c6c       0x94 ./Dave/Generated/FREERTOS/tasks.o
                0x08003c6c                vTaskStartScheduler
 .text.vTaskSuspendAll
                0x08003d00       0x1c ./Dave/Generated/FREERTOS/tasks.o
                0x08003d00                vTaskSuspendAll
 .text.xTaskResumeAll
                0x08003d1c      0x13c ./Dave/Generated/FREERTOS/tasks.o
                0x08003d1c                xTaskResumeAll
 .text.xTaskGetTickCount
                0x08003e58       0x20 ./Dave/Generated/FREERTOS/tasks.o
                0x08003e58                xTaskGetTickCount
 .text.xTaskIncrementTick
                0x08003e78      0x174 ./Dave/Generated/FREERTOS/tasks.o
                0x08003e78                xTaskIncrementTick
 .text.vTaskSwitchContext
                0x08003fec       0xb4 ./Dave/Generated/FREERTOS/tasks.o
                0x08003fec                vTaskSwitchContext
 .text.vTaskPlaceOnEventList
                0x080040a0       0x44 ./Dave/Generated/FREERTOS/tasks.o
                0x080040a0                vTaskPlaceOnEventList
 .text.vTaskPlaceOnEventListRestricted
                0x080040e4       0x54 ./Dave/Generated/FREERTOS/tasks.o
                0x080040e4                vTaskPlaceOnEventListRestricted
 .text.xTaskRemoveFromEventList
                0x08004138       0xc8 ./Dave/Generated/FREERTOS/tasks.o
                0x08004138                xTaskRemoveFromEventList
 .text.vTaskInternalSetTimeOutState
                0x08004200       0x2c ./Dave/Generated/FREERTOS/tasks.o
                0x08004200                vTaskInternalSetTimeOutState
 .text.xTaskCheckForTimeOut
                0x0800422c       0xe0 ./Dave/Generated/FREERTOS/tasks.o
                0x0800422c                xTaskCheckForTimeOut
 .text.vTaskMissedYield
                0x0800430c       0x18 ./Dave/Generated/FREERTOS/tasks.o
                0x0800430c                vTaskMissedYield
 .text.prvIdleTask
                0x08004324       0x30 ./Dave/Generated/FREERTOS/tasks.o
 .text.prvInitialiseTaskLists
                0x08004354       0x7c ./Dave/Generated/FREERTOS/tasks.o
 .text.prvCheckTasksWaitingTermination
                0x080043d0       0x58 ./Dave/Generated/FREERTOS/tasks.o
 .text.prvDeleteTCB
                0x08004428       0x20 ./Dave/Generated/FREERTOS/tasks.o
 .text.prvResetNextTaskUnblockTime
                0x08004448       0x40 ./Dave/Generated/FREERTOS/tasks.o
 .text.xTaskGetSchedulerState
                0x08004488       0x3c ./Dave/Generated/FREERTOS/tasks.o
                0x08004488                xTaskGetSchedulerState
 .text.xTaskPriorityInherit
                0x080044c4      0x104 ./Dave/Generated/FREERTOS/tasks.o
                0x080044c4                xTaskPriorityInherit
 .text.xTaskPriorityDisinherit
                0x080045c8      0x10c ./Dave/Generated/FREERTOS/tasks.o
                0x080045c8                xTaskPriorityDisinherit
 .text.vTaskPriorityDisinheritAfterTimeout
                0x080046d4      0x134 ./Dave/Generated/FREERTOS/tasks.o
                0x080046d4                vTaskPriorityDisinheritAfterTimeout
 .text.pvTaskIncrementMutexHeldCount
                0x08004808       0x28 ./Dave/Generated/FREERTOS/tasks.o
                0x08004808                pvTaskIncrementMutexHeldCount
 .text.prvAddCurrentTaskToDelayedList
                0x08004830       0xd4 ./Dave/Generated/FREERTOS/tasks.o
 .text.xTimerCreateTimerTask
                0x08004904       0x64 ./Dave/Generated/FREERTOS/timers.o
                0x08004904                xTimerCreateTimerTask
 .text.xTimerGenericCommand
                0x08004968       0xa4 ./Dave/Generated/FREERTOS/timers.o
                0x08004968                xTimerGenericCommand
 .text.prvProcessExpiredTimer
                0x08004a0c       0x98 ./Dave/Generated/FREERTOS/timers.o
 .text.prvTimerTask
                0x08004aa4       0x24 ./Dave/Generated/FREERTOS/timers.o
 .text.prvProcessTimerOrBlockTask
                0x08004ac8       0x9c ./Dave/Generated/FREERTOS/timers.o
 .text.prvGetNextExpireTime
                0x08004b64       0x48 ./Dave/Generated/FREERTOS/timers.o
 .text.prvSampleTimeNow
                0x08004bac       0x40 ./Dave/Generated/FREERTOS/timers.o
 .text.prvInsertTimerInActiveList
                0x08004bec       0x84 ./Dave/Generated/FREERTOS/timers.o
 .text.prvProcessReceivedCommands
                0x08004c70      0x1c4 ./Dave/Generated/FREERTOS/timers.o
 .text.prvSwitchTimerLists
                0x08004e34       0xc4 ./Dave/Generated/FREERTOS/timers.o
 .text.prvCheckForValidListAndQueue
                0x08004ef8       0x6c ./Dave/Generated/FREERTOS/timers.o
 .text.DIGITAL_IO_Init
                0x08004f64       0x40 ./Dave/Generated/DIGITAL_IO/digital_io.o
                0x08004f64                DIGITAL_IO_Init
 .text.__NVIC_SetPriorityGrouping
                0x08004fa4       0x48 ./Dave/Generated/CPU_CTRL_XMC4/cpu_ctrl_xmc4_conf.o
 .text.SystemCoreSetup
                0x08004fec       0xa0 ./Dave/Generated/CPU_CTRL_XMC4/cpu_ctrl_xmc4_conf.o
                0x08004fec                SystemCoreSetup
 .text.CLOCK_XMC4_Init
                0x0800508c       0x20 ./Dave/Generated/CLOCK_XMC4/clock_xmc4.o
                0x0800508c                CLOCK_XMC4_Init
 .text.OSCHP_GetFrequency
                0x080050ac       0x14 ./Dave/Generated/CLOCK_XMC4/clock_xmc4.o
                0x080050ac                OSCHP_GetFrequency
 .text.SystemCoreClockSetup
                0x080050c0       0x54 ./Dave/Generated/CLOCK_XMC4/clock_xmc4_conf.o
                0x080050c0                SystemCoreClockSetup
 .text.DAVE_Init
                0x08005114       0xb0 ./Dave/Generated/DAVE.o
                0x08005114                DAVE_Init
 .text.XMC_GPIO_SetOutputHigh
                0x080051c4       0x20 ./main.o
 .text.XMC_GPIO_SetOutputLow
                0x080051e4       0x24 ./main.o
 .text.XMC_GPIO_GetInput
                0x08005208       0x28 ./main.o
 .text.XMC_SPI_CH_SetBitOrderLsbFirst
                0x08005230       0x20 ./main.o
 .text.DIGITAL_IO_SetOutputHigh
                0x08005250       0x20 ./main.o
 .text.DIGITAL_IO_SetOutputLow
                0x08005270       0x20 ./main.o
 .text.PIN_INTERRUPT_GetPinValue
                0x08005290       0x24 ./main.o
 .text.FORWARD_Task
                0x080052b4       0x6c ./main.o
                0x080052b4                FORWARD_Task
 .text.BACKWARD_Task
                0x08005320       0x6c ./main.o
                0x08005320                BACKWARD_Task
 .text.LEFT_Task
                0x0800538c       0x6c ./main.o
                0x0800538c                LEFT_Task
 .text.RIGHT_Task
                0x080053f8       0x6c ./main.o
                0x080053f8                RIGHT_Task
 .text.main     0x08005464       0xf8 ./main.o
                0x08005464                main
 .text.ERU0_0_IRQHandler
                0x0800555c       0x18 ./main.o
                0x0800555c                ERU0_0_IRQHandler
 .text.ERU0_2_IRQHandler
                0x08005574       0x18 ./main.o
                0x08005574                ERU0_2_IRQHandler
 .text.ERU0_3_IRQHandler
                0x0800558c       0x18 ./main.o
                0x0800558c                ERU0_3_IRQHandler
 .text.ERU1_0_IRQHandler
                0x080055a4       0x18 ./main.o
                0x080055a4                ERU1_0_IRQHandler
 .text.tle94112el_enable
                0x080055bc       0x10 ./main.o
 .text.tle94112el_disable
                0x080055cc       0x10 ./main.o
 .text.tle94112el_spi_transfer
                0x080055dc       0x4c ./main.o
 .text.__errno  0x08005628        0xc c:/users/forge-15r/dave-ide-4.4.2-64bit/eclipse/arm-gcc-49/bin/../lib/gcc/arm-none-eabi/4.9.3/../../../../arm-none-eabi/lib/armv7e-m/softfp\libg_nano.a(lib_a-errno.o)
                0x08005628                __errno
 .text.__libc_init_array
                0x08005634       0x4c c:/users/forge-15r/dave-ide-4.4.2-64bit/eclipse/arm-gcc-49/bin/../lib/gcc/arm-none-eabi/4.9.3/../../../../arm-none-eabi/lib/armv7e-m/softfp\libg_nano.a(lib_a-init.o)
                0x08005634                __libc_init_array
 .text.malloc   0x08005680       0x10 c:/users/forge-15r/dave-ide-4.4.2-64bit/eclipse/arm-gcc-49/bin/../lib/gcc/arm-none-eabi/4.9.3/../../../../arm-none-eabi/lib/armv7e-m/softfp\libg_nano.a(lib_a-malloc.o)
                0x08005680                malloc
 .text.free     0x08005690       0x10 c:/users/forge-15r/dave-ide-4.4.2-64bit/eclipse/arm-gcc-49/bin/../lib/gcc/arm-none-eabi/4.9.3/../../../../arm-none-eabi/lib/armv7e-m/softfp\libg_nano.a(lib_a-malloc.o)
                0x08005690                free
 .text.memcpy   0x080056a0       0x16 c:/users/forge-15r/dave-ide-4.4.2-64bit/eclipse/arm-gcc-49/bin/../lib/gcc/arm-none-eabi/4.9.3/../../../../arm-none-eabi/lib/armv7e-m/softfp\libg_nano.a(lib_a-memcpy.o)
                0x080056a0                memcpy
 .text.memset   0x080056b6       0x10 c:/users/forge-15r/dave-ide-4.4.2-64bit/eclipse/arm-gcc-49/bin/../lib/gcc/arm-none-eabi/4.9.3/../../../../arm-none-eabi/lib/armv7e-m/softfp\libg_nano.a(lib_a-memset.o)
                0x080056b6                memset
 *fill*         0x080056c6        0x2 
 .text._free_r  0x080056c8       0x88 c:/users/forge-15r/dave-ide-4.4.2-64bit/eclipse/arm-gcc-49/bin/../lib/gcc/arm-none-eabi/4.9.3/../../../../arm-none-eabi/lib/armv7e-m/softfp\libg_nano.a(lib_a-nano-freer.o)
                0x080056c8                _free_r
 .text._malloc_r
                0x08005750       0xac c:/users/forge-15r/dave-ide-4.4.2-64bit/eclipse/arm-gcc-49/bin/../lib/gcc/arm-none-eabi/4.9.3/../../../../arm-none-eabi/lib/armv7e-m/softfp\libg_nano.a(lib_a-nano-mallocr.o)
                0x08005750                _malloc_r
 .text._sbrk_r  0x080057fc       0x20 c:/users/forge-15r/dave-ide-4.4.2-64bit/eclipse/arm-gcc-49/bin/../lib/gcc/arm-none-eabi/4.9.3/../../../../arm-none-eabi/lib/armv7e-m/softfp\libg_nano.a(lib_a-sbrkr.o)
                0x080057fc                _sbrk_r
 *(.init)
 *(.fini)
 *crtbegin.o(.ctors)
 *crtbegin?.o(.ctors)
 *(EXCLUDE_FILE(*crtend.o *crtend?.o) .ctors)
 *(SORT(.ctors.*))
 *(.ctors)
 *crtbegin.o(.dtors)
 *crtbegin?.o(.dtors)
 *(EXCLUDE_FILE(*crtend.o *crtend?.o) .dtors)
 *(SORT(.dtors.*))
 *(.dtors)
 *(.rodata .rodata.*)
 .rodata.SPI_MASTER_0_MOSI
                0x0800581c        0x8 ./Dave/Generated/SPI_MASTER/spi_master_conf.o
                0x0800581c                SPI_MASTER_0_MOSI
 .rodata.SPI_MASTER_0_MISO
                0x08005824        0x8 ./Dave/Generated/SPI_MASTER/spi_master_conf.o
                0x08005824                SPI_MASTER_0_MISO
 .rodata.SPI_MASTER_0_SCLKOUT
                0x0800582c        0x8 ./Dave/Generated/SPI_MASTER/spi_master_conf.o
                0x0800582c                SPI_MASTER_0_SCLKOUT
 .rodata.SPI_MASTER_0_SCLKOUT_Config
                0x08005834       0x14 ./Dave/Generated/SPI_MASTER/spi_master_conf.o
                0x08005834                SPI_MASTER_0_SCLKOUT_Config
 .rodata.SPI_MASTER_0_SS_0
                0x08005848        0x8 ./Dave/Generated/SPI_MASTER/spi_master_conf.o
                0x08005848                SPI_MASTER_0_SS_0
 .rodata.SPI_MASTER_0_SS_0_Config
                0x08005850       0x14 ./Dave/Generated/SPI_MASTER/spi_master_conf.o
                0x08005850                SPI_MASTER_0_SS_0_Config
 .rodata.SPI_MASTER_0_Config
                0x08005864       0x8c ./Dave/Generated/SPI_MASTER/spi_master_conf.o
                0x08005864                SPI_MASTER_0_Config
 .rodata.FORWARD_INTERRUPT
                0x080058f0       0x24 ./Dave/Generated/PIN_INTERRUPT/pin_interrupt_conf.o
                0x080058f0                FORWARD_INTERRUPT
 .rodata.BACKWARD_INTERRUPT
                0x08005914       0x24 ./Dave/Generated/PIN_INTERRUPT/pin_interrupt_conf.o
                0x08005914                BACKWARD_INTERRUPT
 .rodata.LEFT_INTERRUPT
                0x08005938       0x24 ./Dave/Generated/PIN_INTERRUPT/pin_interrupt_conf.o
                0x08005938                LEFT_INTERRUPT
 .rodata.RIGHT_INTERRUPT
                0x0800595c       0x24 ./Dave/Generated/PIN_INTERRUPT/pin_interrupt_conf.o
                0x0800595c                RIGHT_INTERRUPT
 .rodata        0x08005980       0x18 ./Dave/Generated/FREERTOS/tasks.o
 .rodata        0x08005998       0x10 ./Dave/Generated/FREERTOS/timers.o
 .rodata.TLE94112_ENABLE
                0x080059a8       0x14 ./Dave/Generated/DIGITAL_IO/digital_io_conf.o
                0x080059a8                TLE94112_ENABLE
 .rodata.TLE94112_CS
                0x080059bc       0x14 ./Dave/Generated/DIGITAL_IO/digital_io_conf.o
                0x080059bc                TLE94112_CS
 .rodata        0x080059d0       0x14 ./Dave/Generated/CLOCK_XMC4/clock_xmc4_conf.o
 .rodata.TLE94112EL_0
                0x080059e4        0xc ./main.o
 .rodata        0x080059f0       0x24 ./main.o
 .rodata.str1.1
                0x08005a14        0x2 c:/users/forge-15r/dave-ide-4.4.2-64bit/eclipse/arm-gcc-49/bin/../lib/gcc/arm-none-eabi/4.9.3/../../../../arm-none-eabi/lib/armv7e-m/softfp\libg_nano.a(lib_a-impure.o)
 *(.gnu.linkonce.r*)
 *(vtable)
                0x08005a18                . = ALIGN (0x4)
 *fill*         0x08005a16        0x2 

.glue_7         0x08005a18        0x0 load address 0x0c005a18
 .glue_7        0x00000000        0x0 linker stubs

.glue_7t        0x08005a18        0x0 load address 0x0c005a18
 .glue_7t       0x00000000        0x0 linker stubs

.vfp11_veneer   0x08005a18        0x0 load address 0x0c005a18
 .vfp11_veneer  0x00000000        0x0 linker stubs

.v4_bx          0x08005a18        0x0 load address 0x0c005a18
 .v4_bx         0x00000000        0x0 linker stubs

.iplt           0x08005a18        0x0 load address 0x0c005a18
 .iplt          0x00000000        0x0 ./ext_lib/base.o

.rel.dyn        0x08005a18        0x0 load address 0x0c005a18
 .rel.iplt      0x00000000        0x0 ./ext_lib/base.o

.eh_frame_hdr
 *(.eh_frame_hdr)

.eh_frame
 *(.eh_frame)

.ARM.extab
 *(.ARM.extab* .gnu.linkonce.armextab.*)
                0x08005a18                . = ALIGN (0x4)
                0x08005a18                __exidx_start = .

.ARM.exidx
 *(.ARM.exidx* .gnu.linkonce.armexidx.*)
                0x08005a18                __exidx_end = .
                0x08005a18                . = ALIGN (0x4)

Stack           0x1ffe8000      0x800
                0x1ffe8000                __stack_start = .
                0x1ffe8800                . = (. + stack_size)
 *fill*         0x1ffe8000      0x800 
                0x1ffe8800                __stack_end = .
                0x1ffe8800                __initial_sp = .

.ram_code       0x1ffe8800        0x0 load address 0x0c005a18
                0x1ffe8800                . = ALIGN (0x4)
                0x1ffe8800                __ram_code_start = .
 *(.ram_code)
                0x1ffe8800                . = ALIGN (0x4)
                0x1ffe8800                __ram_code_end = .
                0x0c005a18                __ram_code_load = LOADADDR (.ram_code)
                0x00000000                __ram_code_size = (__ram_code_end - __ram_code_start)

.data           0x1ffe8800       0xb8 load address 0x0c005a18
                0x1ffe8800                . = ALIGN (0x4)
                0x1ffe8800                __data_start = .
 *(.data)
 *(.data*)
 .data.SPI_MASTER_0_MOSI_Config
                0x1ffe8800       0x14 ./Dave/Generated/SPI_MASTER/spi_master_conf.o
                0x1ffe8800                SPI_MASTER_0_MOSI_Config
 .data.SPI_MASTER_0_Channel_Config
                0x1ffe8814        0xc ./Dave/Generated/SPI_MASTER/spi_master_conf.o
                0x1ffe8814                SPI_MASTER_0_Channel_Config
 .data.SPI_MASTER_0_runtime
                0x1ffe8820       0x24 ./Dave/Generated/SPI_MASTER/spi_master_conf.o
                0x1ffe8820                SPI_MASTER_0_runtime
 .data.SPI_MASTER_0
                0x1ffe8844        0xc ./Dave/Generated/SPI_MASTER/spi_master_conf.o
                0x1ffe8844                SPI_MASTER_0
 .data.uxCriticalNesting
                0x1ffe8850        0x4 ./Dave/Generated/FREERTOS/portable/GCC/port.o
 .data.impure_data
                0x1ffe8854       0x60 c:/users/forge-15r/dave-ide-4.4.2-64bit/eclipse/arm-gcc-49/bin/../lib/gcc/arm-none-eabi/4.9.3/../../../../arm-none-eabi/lib/armv7e-m/softfp\libg_nano.a(lib_a-impure.o)
 .data._impure_ptr
                0x1ffe88b4        0x4 c:/users/forge-15r/dave-ide-4.4.2-64bit/eclipse/arm-gcc-49/bin/../lib/gcc/arm-none-eabi/4.9.3/../../../../arm-none-eabi/lib/armv7e-m/softfp\libg_nano.a(lib_a-impure.o)
                0x1ffe88b4                _impure_ptr
 *(*.data)
 *(.gnu.linkonce.d*)
                0x1ffe88b8                . = ALIGN (0x4)
                0x1ffe88b8                PROVIDE (__preinit_array_start, .)
 *(.preinit_array)
                0x1ffe88b8                PROVIDE (__preinit_array_end, .)
                0x1ffe88b8                . = ALIGN (0x4)
                0x1ffe88b8                PROVIDE (__init_array_start, .)
 *(SORT(.init_array.*))
 *(.init_array)
                0x1ffe88b8                PROVIDE (__init_array_end, .)
                0x1ffe88b8                . = ALIGN (0x4)
                0x1ffe88b8                PROVIDE (__fini_array_start, .)
 *(SORT(.fini_array.*))
 *(.fini_array)
                0x1ffe88b8                PROVIDE (__fini_array_end, .)
                0x1ffe88b8                . = ALIGN (0x4)
                0x1ffe88b8                __data_end = .
                0x0c005a18                __data_load = LOADADDR (.data)
                0x000000b8                __data_size = (__data_end - __data_start)
                0x00005ad0                __text_size = (((__exidx_end - sText) + __data_size) + __ram_code_size)
                0x08005ad0                eText = (sText + __text_size)

.igot.plt       0x1ffe88b8        0x0 load address 0x0c005ad0
 .igot.plt      0x00000000        0x0 ./ext_lib/base.o

.bss            0x1ffe88b8      0x1d4 load address 0x0c005ad0
                0x1ffe88b8                . = ALIGN (0x4)
                0x1ffe88b8                __bss_start = .
 *(.bss)
 *(.bss*)
 .bss.heap_ptr.4331
                0x1ffe88b8        0x4 ./Libraries/Newlib/syscalls.o
 .bss.SPI_MASTER_0_MISO_Config
                0x1ffe88bc       0x14 ./Dave/Generated/SPI_MASTER/spi_master_conf.o
                0x1ffe88bc                SPI_MASTER_0_MISO_Config
 .bss.ucMaxSysCallPriority
                0x1ffe88d0        0x1 ./Dave/Generated/FREERTOS/portable/GCC/port.o
 *fill*         0x1ffe88d1        0x3 
 .bss.ulMaxPRIGROUPValue
                0x1ffe88d4        0x4 ./Dave/Generated/FREERTOS/portable/GCC/port.o
 .bss.pxCurrentTCB
                0x1ffe88d8        0x4 ./Dave/Generated/FREERTOS/tasks.o
                0x1ffe88d8                pxCurrentTCB
 .bss.pxReadyTasksLists
                0x1ffe88dc       0x64 ./Dave/Generated/FREERTOS/tasks.o
 .bss.xDelayedTaskList1
                0x1ffe8940       0x14 ./Dave/Generated/FREERTOS/tasks.o
 .bss.xDelayedTaskList2
                0x1ffe8954       0x14 ./Dave/Generated/FREERTOS/tasks.o
 .bss.pxDelayedTaskList
                0x1ffe8968        0x4 ./Dave/Generated/FREERTOS/tasks.o
 .bss.pxOverflowDelayedTaskList
                0x1ffe896c        0x4 ./Dave/Generated/FREERTOS/tasks.o
 .bss.xPendingReadyList
                0x1ffe8970       0x14 ./Dave/Generated/FREERTOS/tasks.o
 .bss.xTasksWaitingTermination
                0x1ffe8984       0x14 ./Dave/Generated/FREERTOS/tasks.o
 .bss.uxDeletedTasksWaitingCleanUp
                0x1ffe8998        0x4 ./Dave/Generated/FREERTOS/tasks.o
 .bss.xSuspendedTaskList
                0x1ffe899c       0x14 ./Dave/Generated/FREERTOS/tasks.o
 .bss.uxCurrentNumberOfTasks
                0x1ffe89b0        0x4 ./Dave/Generated/FREERTOS/tasks.o
 .bss.xTickCount
                0x1ffe89b4        0x4 ./Dave/Generated/FREERTOS/tasks.o
 .bss.uxTopReadyPriority
                0x1ffe89b8        0x4 ./Dave/Generated/FREERTOS/tasks.o
 .bss.xSchedulerRunning
                0x1ffe89bc        0x4 ./Dave/Generated/FREERTOS/tasks.o
 .bss.uxPendedTicks
                0x1ffe89c0        0x4 ./Dave/Generated/FREERTOS/tasks.o
 .bss.xYieldPending
                0x1ffe89c4        0x4 ./Dave/Generated/FREERTOS/tasks.o
 .bss.xNumOfOverflows
                0x1ffe89c8        0x4 ./Dave/Generated/FREERTOS/tasks.o
 .bss.uxTaskNumber
                0x1ffe89cc        0x4 ./Dave/Generated/FREERTOS/tasks.o
 .bss.xNextTaskUnblockTime
                0x1ffe89d0        0x4 ./Dave/Generated/FREERTOS/tasks.o
 .bss.xIdleTaskHandle
                0x1ffe89d4        0x4 ./Dave/Generated/FREERTOS/tasks.o
 .bss.uxSchedulerSuspended
                0x1ffe89d8        0x4 ./Dave/Generated/FREERTOS/tasks.o
 .bss.xActiveTimerList1
                0x1ffe89dc       0x14 ./Dave/Generated/FREERTOS/timers.o
 .bss.xActiveTimerList2
                0x1ffe89f0       0x14 ./Dave/Generated/FREERTOS/timers.o
 .bss.pxCurrentTimerList
                0x1ffe8a04        0x4 ./Dave/Generated/FREERTOS/timers.o
 .bss.pxOverflowTimerList
                0x1ffe8a08        0x4 ./Dave/Generated/FREERTOS/timers.o
 .bss.xTimerQueue
                0x1ffe8a0c        0x4 ./Dave/Generated/FREERTOS/timers.o
 .bss.xTimerTaskHandle
                0x1ffe8a10        0x4 ./Dave/Generated/FREERTOS/timers.o
 .bss.xLastTime.7837
                0x1ffe8a14        0x4 ./Dave/Generated/FREERTOS/timers.o
 .bss.CLOCK_XMC4_0
                0x1ffe8a18        0x4 ./Dave/Generated/CLOCK_XMC4/clock_xmc4_conf.o
                0x1ffe8a18                CLOCK_XMC4_0
 .bss.FORWARD_Handle
                0x1ffe8a1c        0x4 ./main.o
                0x1ffe8a1c                FORWARD_Handle
 .bss.BACKWARD_Handle
                0x1ffe8a20        0x4 ./main.o
                0x1ffe8a20                BACKWARD_Handle
 .bss.LEFT_Handle
                0x1ffe8a24        0x4 ./main.o
                0x1ffe8a24                LEFT_Handle
 .bss.RIGHT_Handle
                0x1ffe8a28        0x4 ./main.o
                0x1ffe8a28                RIGHT_Handle
 .bss.__malloc_sbrk_start
                0x1ffe8a2c        0x4 c:/users/forge-15r/dave-ide-4.4.2-64bit/eclipse/arm-gcc-49/bin/../lib/gcc/arm-none-eabi/4.9.3/../../../../arm-none-eabi/lib/armv7e-m/softfp\libg_nano.a(lib_a-nano-mallocr.o)
                0x1ffe8a2c                __malloc_sbrk_start
 .bss.__malloc_free_list
                0x1ffe8a30        0x4 c:/users/forge-15r/dave-ide-4.4.2-64bit/eclipse/arm-gcc-49/bin/../lib/gcc/arm-none-eabi/4.9.3/../../../../arm-none-eabi/lib/armv7e-m/softfp\libg_nano.a(lib_a-nano-mallocr.o)
                0x1ffe8a30                __malloc_free_list
 *(COMMON)
 COMMON         0x1ffe8a34       0x40 ./Dave/Generated/FREERTOS/queue.o
                0x1ffe8a34                xQueueRegistry
 COMMON         0x1ffe8a74       0x14 ./main.o
                0x1ffe8a74                BACKWARD_interruptSemaphore
                0x1ffe8a78                LEFT_interruptSemaphore
                0x1ffe8a7c                RIGHT_interruptSemaphore
                0x1ffe8a80                pin_status
                0x1ffe8a84                FORWARD_interruptSemaphore
 COMMON         0x1ffe8a88        0x4 c:/users/forge-15r/dave-ide-4.4.2-64bit/eclipse/arm-gcc-49/bin/../lib/gcc/arm-none-eabi/4.9.3/../../../../arm-none-eabi/lib/armv7e-m/softfp\libg_nano.a(lib_a-reent.o)
                0x1ffe8a88                errno
 *(.gnu.linkonce.b*)
                0x1ffe8a8c                . = ALIGN (0x4)
                0x1ffe8a8c                __bss_end = .
                0x000001d4                __bss_size = (__bss_end - __bss_start)
                0x00017574                __shift_loc = (__bss_end >= ORIGIN (DSRAM_1_system))?0x0:(ORIGIN (DSRAM_1_system) - __bss_end)

USB_RAM         0x20000000        0x0
                0x20000000                . = ALIGN (0x4)
                0x20000000                USB_RAM_start = .
 *(USB_RAM)
                0x20000000                . = ALIGN (0x4)
                0x20000000                USB_RAM_end = .
                0x00000000                USB_RAM_size = (USB_RAM_end - USB_RAM_start)

ETH_RAM         0x20000000        0x0
                0x20000000                . = ALIGN (0x4)
                0x20000000                ETH_RAM_start = .
 *(ETH_RAM)
                0x20000000                . = ALIGN (0x4)
                0x20000000                ETH_RAM_end = .
                0x20000000                . = ALIGN (0x8)
                0x20000000                Heap_Bank1_Start = .
                0x00000000                ETH_RAM_size = (ETH_RAM_end - ETH_RAM_start)

.no_init        0x2003ffc0       0x14
                0x2003ffc0                Heap_Bank1_End = .
 *(.no_init)
 .no_init       0x2003ffc0       0x14 ./Startup/system_XMC4700.o
                0x2003ffc0                SystemCoreClock
                0x2003ffc4                g_chipid
                0x0003ffc0                Heap_Bank1_Size = (Heap_Bank1_End - Heap_Bank1_Start)
                0x00000001                ASSERT ((Heap_Bank1_Start <= Heap_Bank1_End), region SRAM_combined overflowed no_init section)

/DISCARD/
 *(.comment)

.stab
 *(.stab)

.stabstr
 *(.stabstr)

.debug
 *(.debug)

.line
 *(.line)

.debug_srcinfo
 *(.debug_srcinfo)

.debug_sfnames
 *(.debug_sfnames)

.debug_aranges  0x00000000     0x1100
 *(.debug_aranges)
 .debug_aranges
                0x00000000       0x20 ./ext_lib/base.o
 .debug_aranges
                0x00000020       0xa0 ./ext_lib/tle94112el.o
 .debug_aranges
                0x000000c0       0x20 ./Startup/startup_XMC4700.o
 .debug_aranges
                0x000000e0       0x48 ./Startup/system_XMC4700.o
 .debug_aranges
                0x00000128       0x28 ./Libraries/XMCLib/src/xmc4_eru.o
 .debug_aranges
                0x00000150       0x28 ./Libraries/XMCLib/src/xmc4_gpio.o
 .debug_aranges
                0x00000178      0x3e0 ./Libraries/XMCLib/src/xmc4_scu.o
 .debug_aranges
                0x00000558       0x88 ./Libraries/XMCLib/src/xmc_eru.o
 .debug_aranges
                0x000005e0       0x28 ./Libraries/XMCLib/src/xmc_gpio.o
 .debug_aranges
                0x00000608       0x88 ./Libraries/XMCLib/src/xmc_spi.o
 .debug_aranges
                0x00000690       0xb0 ./Libraries/XMCLib/src/xmc_usic.o
 .debug_aranges
                0x00000740       0x28 ./Libraries/Newlib/syscalls.o
 .debug_aranges
                0x00000768      0x180 ./Dave/Generated/SPI_MASTER/spi_master.o
 .debug_aranges
                0x000008e8       0xa8 ./Dave/Generated/SPI_MASTER/spi_master_conf.o
 .debug_aranges
                0x00000990       0x60 ./Dave/Generated/PIN_INTERRUPT/pin_interrupt.o
 .debug_aranges
                0x000009f0       0x18 ./Dave/Generated/PIN_INTERRUPT/pin_interrupt_conf.o
 .debug_aranges
                0x00000a08       0x80 ./Dave/Generated/FREERTOS/portable/GCC/port.o
 .debug_aranges
                0x00000a88       0x28 ./Dave/Generated/FREERTOS/heap.o
 .debug_aranges
                0x00000ab0       0x40 ./Dave/Generated/FREERTOS/list.o
 .debug_aranges
                0x00000af0      0x170 ./Dave/Generated/FREERTOS/queue.o
 .debug_aranges
                0x00000c60      0x230 ./Dave/Generated/FREERTOS/tasks.o
 .debug_aranges
                0x00000e90       0xe0 ./Dave/Generated/FREERTOS/timers.o
 .debug_aranges
                0x00000f70       0x28 ./Dave/Generated/DIGITAL_IO/digital_io.o
 .debug_aranges
                0x00000f98       0x18 ./Dave/Generated/DIGITAL_IO/digital_io_conf.o
 .debug_aranges
                0x00000fb0       0x28 ./Dave/Generated/CPU_CTRL_XMC4/cpu_ctrl_xmc4_conf.o
 .debug_aranges
                0x00000fd8       0x38 ./Dave/Generated/CLOCK_XMC4/clock_xmc4.o
 .debug_aranges
                0x00001010       0x20 ./Dave/Generated/CLOCK_XMC4/clock_xmc4_conf.o
 .debug_aranges
                0x00001030       0x20 ./Dave/Generated/DAVE.o
 .debug_aranges
                0x00001050       0xb0 ./main.o

.debug_pubnames
 *(.debug_pubnames)

.debug_pubtypes
 *(.debug_pubtypes)

.debug_info     0x00000000    0x167e7
 *(.debug_info .gnu.linkonce.wi.*)
 .debug_info    0x00000000      0x1a1 ./ext_lib/base.o
 .debug_info    0x000001a1      0x753 ./ext_lib/tle94112el.o
 .debug_info    0x000008f4       0x7e ./Startup/startup_XMC4700.o
 .debug_info    0x00000972      0x9dc ./Startup/system_XMC4700.o
 .debug_info    0x0000134e      0x654 ./Libraries/XMCLib/src/xmc4_eru.o
 .debug_info    0x000019a2      0x4db ./Libraries/XMCLib/src/xmc4_gpio.o
 .debug_info    0x00001e7d     0x2423 ./Libraries/XMCLib/src/xmc4_scu.o
 .debug_info    0x000042a0      0xb68 ./Libraries/XMCLib/src/xmc_eru.o
 .debug_info    0x00004e08      0x456 ./Libraries/XMCLib/src/xmc_gpio.o
 .debug_info    0x0000525e      0xb4f ./Libraries/XMCLib/src/xmc_spi.o
 .debug_info    0x00005dad      0xec7 ./Libraries/XMCLib/src/xmc_usic.o
 .debug_info    0x00006c74      0x11f ./Libraries/Newlib/syscalls.o
 .debug_info    0x00006d93     0x1d3e ./Dave/Generated/SPI_MASTER/spi_master.o
 .debug_info    0x00008ad1     0x1a98 ./Dave/Generated/SPI_MASTER/spi_master_conf.o
 .debug_info    0x0000a569     0x10fc ./Dave/Generated/PIN_INTERRUPT/pin_interrupt.o
 .debug_info    0x0000b665      0xc8f ./Dave/Generated/PIN_INTERRUPT/pin_interrupt_conf.o
 .debug_info    0x0000c2f4      0x653 ./Dave/Generated/FREERTOS/portable/GCC/port.o
 .debug_info    0x0000c947      0x1e6 ./Dave/Generated/FREERTOS/heap.o
 .debug_info    0x0000cb2d      0x3c1 ./Dave/Generated/FREERTOS/list.o
 .debug_info    0x0000ceee     0x1c0a ./Dave/Generated/FREERTOS/queue.o
 .debug_info    0x0000eaf8     0x250d ./Dave/Generated/FREERTOS/tasks.o
 .debug_info    0x00011005      0xf9f ./Dave/Generated/FREERTOS/timers.o
 .debug_info    0x00011fa4      0x595 ./Dave/Generated/DIGITAL_IO/digital_io.o
 .debug_info    0x00012539      0x4e2 ./Dave/Generated/DIGITAL_IO/digital_io_conf.o
 .debug_info    0x00012a1b      0x52e ./Dave/Generated/CPU_CTRL_XMC4/cpu_ctrl_xmc4_conf.o
 .debug_info    0x00012f49      0x2dd ./Dave/Generated/CLOCK_XMC4/clock_xmc4.o
 .debug_info    0x00013226      0x43e ./Dave/Generated/CLOCK_XMC4/clock_xmc4_conf.o
 .debug_info    0x00013664     0x168d ./Dave/Generated/DAVE.o
 .debug_info    0x00014cf1     0x1af6 ./main.o

.debug_abbrev   0x00000000     0x33ee
 *(.debug_abbrev)
 .debug_abbrev  0x00000000       0xcc ./ext_lib/base.o
 .debug_abbrev  0x000000cc      0x152 ./ext_lib/tle94112el.o
 .debug_abbrev  0x0000021e       0x14 ./Startup/startup_XMC4700.o
 .debug_abbrev  0x00000232      0x1f1 ./Startup/system_XMC4700.o
 .debug_abbrev  0x00000423      0x171 ./Libraries/XMCLib/src/xmc4_eru.o
 .debug_abbrev  0x00000594      0x153 ./Libraries/XMCLib/src/xmc4_gpio.o
 .debug_abbrev  0x000006e7      0x2bf ./Libraries/XMCLib/src/xmc4_scu.o
 .debug_abbrev  0x000009a6      0x22f ./Libraries/XMCLib/src/xmc_eru.o
 .debug_abbrev  0x00000bd5      0x144 ./Libraries/XMCLib/src/xmc_gpio.o
 .debug_abbrev  0x00000d19      0x279 ./Libraries/XMCLib/src/xmc_spi.o
 .debug_abbrev  0x00000f92      0x24c ./Libraries/XMCLib/src/xmc_usic.o
 .debug_abbrev  0x000011de       0xbd ./Libraries/Newlib/syscalls.o
 .debug_abbrev  0x0000129b      0x287 ./Dave/Generated/SPI_MASTER/spi_master.o
 .debug_abbrev  0x00001522      0x27b ./Dave/Generated/SPI_MASTER/spi_master_conf.o
 .debug_abbrev  0x0000179d      0x293 ./Dave/Generated/PIN_INTERRUPT/pin_interrupt.o
 .debug_abbrev  0x00001a30      0x1a1 ./Dave/Generated/PIN_INTERRUPT/pin_interrupt_conf.o
 .debug_abbrev  0x00001bd1      0x254 ./Dave/Generated/FREERTOS/portable/GCC/port.o
 .debug_abbrev  0x00001e25      0x112 ./Dave/Generated/FREERTOS/heap.o
 .debug_abbrev  0x00001f37      0x112 ./Dave/Generated/FREERTOS/list.o
 .debug_abbrev  0x00002049      0x29d ./Dave/Generated/FREERTOS/queue.o
 .debug_abbrev  0x000022e6      0x2d6 ./Dave/Generated/FREERTOS/tasks.o
 .debug_abbrev  0x000025bc      0x263 ./Dave/Generated/FREERTOS/timers.o
 .debug_abbrev  0x0000281f      0x171 ./Dave/Generated/DIGITAL_IO/digital_io.o
 .debug_abbrev  0x00002990      0x126 ./Dave/Generated/DIGITAL_IO/digital_io_conf.o
 .debug_abbrev  0x00002ab6      0x1b4 ./Dave/Generated/CPU_CTRL_XMC4/cpu_ctrl_xmc4_conf.o
 .debug_abbrev  0x00002c6a      0x13d ./Dave/Generated/CLOCK_XMC4/clock_xmc4.o
 .debug_abbrev  0x00002da7      0x134 ./Dave/Generated/CLOCK_XMC4/clock_xmc4_conf.o
 .debug_abbrev  0x00002edb      0x1ef ./Dave/Generated/DAVE.o
 .debug_abbrev  0x000030ca      0x324 ./main.o

.debug_line     0x00000000     0x7e2c
 *(.debug_line)
 .debug_line    0x00000000      0x12e ./ext_lib/base.o
 .debug_line    0x0000012e      0x2eb ./ext_lib/tle94112el.o
 .debug_line    0x00000419       0x87 ./Startup/startup_XMC4700.o
 .debug_line    0x000004a0      0x2dd ./Startup/system_XMC4700.o
 .debug_line    0x0000077d      0x276 ./Libraries/XMCLib/src/xmc4_eru.o
 .debug_line    0x000009f3      0x215 ./Libraries/XMCLib/src/xmc4_gpio.o
 .debug_line    0x00000c08      0xde1 ./Libraries/XMCLib/src/xmc4_scu.o
 .debug_line    0x000019e9      0x2d7 ./Libraries/XMCLib/src/xmc_eru.o
 .debug_line    0x00001cc0      0x202 ./Libraries/XMCLib/src/xmc_gpio.o
 .debug_line    0x00001ec2      0x3c8 ./Libraries/XMCLib/src/xmc_spi.o
 .debug_line    0x0000228a      0x507 ./Libraries/XMCLib/src/xmc_usic.o
 .debug_line    0x00002791       0xca ./Libraries/Newlib/syscalls.o
 .debug_line    0x0000285b      0x850 ./Dave/Generated/SPI_MASTER/spi_master.o
 .debug_line    0x000030ab      0x445 ./Dave/Generated/SPI_MASTER/spi_master_conf.o
 .debug_line    0x000034f0      0x3c3 ./Dave/Generated/PIN_INTERRUPT/pin_interrupt.o
 .debug_line    0x000038b3      0x290 ./Dave/Generated/PIN_INTERRUPT/pin_interrupt_conf.o
 .debug_line    0x00003b43      0x4d0 ./Dave/Generated/FREERTOS/portable/GCC/port.o
 .debug_line    0x00004013      0x20c ./Dave/Generated/FREERTOS/heap.o
 .debug_line    0x0000421f      0x239 ./Dave/Generated/FREERTOS/list.o
 .debug_line    0x00004458      0xce7 ./Dave/Generated/FREERTOS/queue.o
 .debug_line    0x0000513f     0x107c ./Dave/Generated/FREERTOS/tasks.o
 .debug_line    0x000061bb      0x604 ./Dave/Generated/FREERTOS/timers.o
 .debug_line    0x000067bf      0x26e ./Dave/Generated/DIGITAL_IO/digital_io.o
 .debug_line    0x00006a2d      0x1f6 ./Dave/Generated/DIGITAL_IO/digital_io_conf.o
 .debug_line    0x00006c23      0x26f ./Dave/Generated/CPU_CTRL_XMC4/cpu_ctrl_xmc4_conf.o
 .debug_line    0x00006e92      0x2a4 ./Dave/Generated/CLOCK_XMC4/clock_xmc4.o
 .debug_line    0x00007136      0x27a ./Dave/Generated/CLOCK_XMC4/clock_xmc4_conf.o
 .debug_line    0x000073b0      0x3c1 ./Dave/Generated/DAVE.o
 .debug_line    0x00007771      0x6bb ./main.o

.debug_frame    0x00000000     0x48a0
 *(.debug_frame)
 .debug_frame   0x00000000       0x38 ./ext_lib/base.o
 .debug_frame   0x00000038      0x2b8 ./ext_lib/tle94112el.o
 .debug_frame   0x000002f0       0xec ./Startup/system_XMC4700.o
 .debug_frame   0x000003dc       0x60 ./Libraries/XMCLib/src/xmc4_eru.o
 .debug_frame   0x0000043c       0x60 ./Libraries/XMCLib/src/xmc4_gpio.o
 .debug_frame   0x0000049c     0x1238 ./Libraries/XMCLib/src/xmc4_scu.o
 .debug_frame   0x000016d4      0x240 ./Libraries/XMCLib/src/xmc_eru.o
 .debug_frame   0x00001914       0x60 ./Libraries/XMCLib/src/xmc_gpio.o
 .debug_frame   0x00001974      0x240 ./Libraries/XMCLib/src/xmc_spi.o
 .debug_frame   0x00001bb4      0x308 ./Libraries/XMCLib/src/xmc_usic.o
 .debug_frame   0x00001ebc       0x5c ./Libraries/Newlib/syscalls.o
 .debug_frame   0x00001f18      0x71c ./Dave/Generated/SPI_MASTER/spi_master.o
 .debug_frame   0x00002634      0x2c4 ./Dave/Generated/SPI_MASTER/spi_master_conf.o
 .debug_frame   0x000028f8      0x178 ./Dave/Generated/PIN_INTERRUPT/pin_interrupt.o
 .debug_frame   0x00002a70      0x1b4 ./Dave/Generated/FREERTOS/portable/GCC/port.o
 .debug_frame   0x00002c24       0x60 ./Dave/Generated/FREERTOS/heap.o
 .debug_frame   0x00002c84       0xd8 ./Dave/Generated/FREERTOS/list.o
 .debug_frame   0x00002d5c      0x6cc ./Dave/Generated/FREERTOS/queue.o
 .debug_frame   0x00003428      0xa78 ./Dave/Generated/FREERTOS/tasks.o
 .debug_frame   0x00003ea0      0x3e4 ./Dave/Generated/FREERTOS/timers.o
 .debug_frame   0x00004284       0x60 ./Dave/Generated/DIGITAL_IO/digital_io.o
 .debug_frame   0x000042e4       0x60 ./Dave/Generated/CPU_CTRL_XMC4/cpu_ctrl_xmc4_conf.o
 .debug_frame   0x00004344       0xac ./Dave/Generated/CLOCK_XMC4/clock_xmc4.o
 .debug_frame   0x000043f0       0x3c ./Dave/Generated/CLOCK_XMC4/clock_xmc4_conf.o
 .debug_frame   0x0000442c       0x38 ./Dave/Generated/DAVE.o
 .debug_frame   0x00004464      0x298 ./main.o
 .debug_frame   0x000046fc       0x20 c:/users/forge-15r/dave-ide-4.4.2-64bit/eclipse/arm-gcc-49/bin/../lib/gcc/arm-none-eabi/4.9.3/../../../../arm-none-eabi/lib/armv7e-m/softfp\libg_nano.a(lib_a-errno.o)
 .debug_frame   0x0000471c       0x2c c:/users/forge-15r/dave-ide-4.4.2-64bit/eclipse/arm-gcc-49/bin/../lib/gcc/arm-none-eabi/4.9.3/../../../../arm-none-eabi/lib/armv7e-m/softfp\libg_nano.a(lib_a-init.o)
 .debug_frame   0x00004748       0x30 c:/users/forge-15r/dave-ide-4.4.2-64bit/eclipse/arm-gcc-49/bin/../lib/gcc/arm-none-eabi/4.9.3/../../../../arm-none-eabi/lib/armv7e-m/softfp\libg_nano.a(lib_a-malloc.o)
 .debug_frame   0x00004778       0x28 c:/users/forge-15r/dave-ide-4.4.2-64bit/eclipse/arm-gcc-49/bin/../lib/gcc/arm-none-eabi/4.9.3/../../../../arm-none-eabi/lib/armv7e-m/softfp\libg_nano.a(lib_a-memcpy.o)
 .debug_frame   0x000047a0       0x20 c:/users/forge-15r/dave-ide-4.4.2-64bit/eclipse/arm-gcc-49/bin/../lib/gcc/arm-none-eabi/4.9.3/../../../../arm-none-eabi/lib/armv7e-m/softfp\libg_nano.a(lib_a-memset.o)
 .debug_frame   0x000047c0       0x2c c:/users/forge-15r/dave-ide-4.4.2-64bit/eclipse/arm-gcc-49/bin/../lib/gcc/arm-none-eabi/4.9.3/../../../../arm-none-eabi/lib/armv7e-m/softfp\libg_nano.a(lib_a-nano-freer.o)
 .debug_frame   0x000047ec       0x2c c:/users/forge-15r/dave-ide-4.4.2-64bit/eclipse/arm-gcc-49/bin/../lib/gcc/arm-none-eabi/4.9.3/../../../../arm-none-eabi/lib/armv7e-m/softfp\libg_nano.a(lib_a-nano-mallocr.o)
 .debug_frame   0x00004818       0x2c c:/users/forge-15r/dave-ide-4.4.2-64bit/eclipse/arm-gcc-49/bin/../lib/gcc/arm-none-eabi/4.9.3/../../../../arm-none-eabi/lib/armv7e-m/softfp\libg_nano.a(lib_a-sbrkr.o)
 .debug_frame   0x00004844       0x5c c:/users/forge-15r/dave-ide-4.4.2-64bit/eclipse/arm-gcc-49/bin/../lib/gcc/arm-none-eabi/4.9.3/../../../../arm-none-eabi/lib/armv7e-m/softfp\libg_nano.a(lib_a-reent.o)

.debug_str      0x00000000     0x9812
 *(.debug_str)
 .debug_str     0x00000000      0x1f2 ./ext_lib/base.o
                                0x25f (size before relaxing)
 .debug_str     0x000001f2      0x5a4 ./ext_lib/tle94112el.o
                                0x7cc (size before relaxing)
 .debug_str     0x00000796      0x433 ./Startup/system_XMC4700.o
                                0x629 (size before relaxing)
 .debug_str     0x00000bc9      0x720 ./Libraries/XMCLib/src/xmc4_eru.o
                                0x9a3 (size before relaxing)
 .debug_str     0x000012e9      0x544 ./Libraries/XMCLib/src/xmc4_gpio.o
                                0x7dd (size before relaxing)
 .debug_str     0x0000182d     0x1cfe ./Libraries/XMCLib/src/xmc4_scu.o
                               0x28d5 (size before relaxing)
 .debug_str     0x0000352b      0x9c5 ./Libraries/XMCLib/src/xmc_eru.o
                                0xce1 (size before relaxing)
 .debug_str     0x00003ef0       0xca ./Libraries/XMCLib/src/xmc_gpio.o
                                0x68b (size before relaxing)
 .debug_str     0x00003fba      0xaf4 ./Libraries/XMCLib/src/xmc_spi.o
                                0xdbf (size before relaxing)
 .debug_str     0x00004aae      0x9f3 ./Libraries/XMCLib/src/xmc_usic.o
                               0x14c9 (size before relaxing)
 .debug_str     0x000054a1       0x6f ./Libraries/Newlib/syscalls.o
                                0x219 (size before relaxing)
 .debug_str     0x00005510     0x13ae ./Dave/Generated/SPI_MASTER/spi_master.o
                               0x23bc (size before relaxing)
 .debug_str     0x000068be      0x8a6 ./Dave/Generated/SPI_MASTER/spi_master_conf.o
                               0x25bd (size before relaxing)
 .debug_str     0x00007164      0x211 ./Dave/Generated/PIN_INTERRUPT/pin_interrupt.o
                               0x13ce (size before relaxing)
 .debug_str     0x00007375       0x79 ./Dave/Generated/PIN_INTERRUPT/pin_interrupt_conf.o
                               0x1392 (size before relaxing)
 .debug_str     0x000073ee      0x281 ./Dave/Generated/FREERTOS/portable/GCC/port.o
                                0x4fd (size before relaxing)
 .debug_str     0x0000766f       0x55 ./Dave/Generated/FREERTOS/heap.o
                                0x2a4 (size before relaxing)
 .debug_str     0x000076c4      0x13f ./Dave/Generated/FREERTOS/list.o
                                0x3b0 (size before relaxing)
 .debug_str     0x00007803      0x7d7 ./Dave/Generated/FREERTOS/queue.o
                                0xba2 (size before relaxing)
 .debug_str     0x00007fda      0xd8d ./Dave/Generated/FREERTOS/tasks.o
                               0x127e (size before relaxing)
 .debug_str     0x00008d67      0x51f ./Dave/Generated/FREERTOS/timers.o
                                0x90d (size before relaxing)
 .debug_str     0x00009286       0xd3 ./Dave/Generated/DIGITAL_IO/digital_io.o
                                0x91a (size before relaxing)
 .debug_str     0x00009359       0x4b ./Dave/Generated/DIGITAL_IO/digital_io_conf.o
                                0x877 (size before relaxing)
 .debug_str     0x000093a4       0x94 ./Dave/Generated/CPU_CTRL_XMC4/cpu_ctrl_xmc4_conf.o
                                0x41d (size before relaxing)
 .debug_str     0x00009438       0xf3 ./Dave/Generated/CLOCK_XMC4/clock_xmc4.o
                                0x3ce (size before relaxing)
 .debug_str     0x0000952b       0x50 ./Dave/Generated/CLOCK_XMC4/clock_xmc4_conf.o
                                0x7ae (size before relaxing)
 .debug_str     0x0000957b       0x65 ./Dave/Generated/DAVE.o
                               0x1d62 (size before relaxing)
 .debug_str     0x000095e0      0x232 ./main.o
                               0x226b (size before relaxing)

.debug_loc      0x00000000     0x9107
 *(.debug_loc)
 .debug_loc     0x00000000       0x50 ./ext_lib/base.o
 .debug_loc     0x00000050      0x58c ./ext_lib/tle94112el.o
 .debug_loc     0x000005dc      0x1a4 ./Startup/system_XMC4700.o
 .debug_loc     0x00000780       0xa0 ./Libraries/XMCLib/src/xmc4_eru.o
 .debug_loc     0x00000820       0xb8 ./Libraries/XMCLib/src/xmc4_gpio.o
 .debug_loc     0x000008d8     0x2618 ./Libraries/XMCLib/src/xmc4_scu.o
 .debug_loc     0x00002ef0      0x4f0 ./Libraries/XMCLib/src/xmc_eru.o
 .debug_loc     0x000033e0       0xb8 ./Libraries/XMCLib/src/xmc_gpio.o
 .debug_loc     0x00003498      0x4b6 ./Libraries/XMCLib/src/xmc_spi.o
 .debug_loc     0x0000394e      0x66a ./Libraries/XMCLib/src/xmc_usic.o
 .debug_loc     0x00003fb8       0x94 ./Libraries/Newlib/syscalls.o
 .debug_loc     0x0000404c      0xf24 ./Dave/Generated/SPI_MASTER/spi_master.o
 .debug_loc     0x00004f70      0x5b8 ./Dave/Generated/SPI_MASTER/spi_master_conf.o
 .debug_loc     0x00005528      0x300 ./Dave/Generated/PIN_INTERRUPT/pin_interrupt.o
 .debug_loc     0x00005828      0x30c ./Dave/Generated/FREERTOS/portable/GCC/port.o
 .debug_loc     0x00005b34       0xa0 ./Dave/Generated/FREERTOS/heap.o
 .debug_loc     0x00005bd4      0x1cc ./Dave/Generated/FREERTOS/list.o
 .debug_loc     0x00005da0      0xe00 ./Dave/Generated/FREERTOS/queue.o
 .debug_loc     0x00006ba0     0x156a ./Dave/Generated/FREERTOS/tasks.o
 .debug_loc     0x0000810a      0x7e9 ./Dave/Generated/FREERTOS/timers.o
 .debug_loc     0x000088f3       0xac ./Dave/Generated/DIGITAL_IO/digital_io.o
 .debug_loc     0x0000899f       0xac ./Dave/Generated/CPU_CTRL_XMC4/cpu_ctrl_xmc4_conf.o
 .debug_loc     0x00008a4b      0x14c ./Dave/Generated/CLOCK_XMC4/clock_xmc4.o
 .debug_loc     0x00008b97       0x50 ./Dave/Generated/CLOCK_XMC4/clock_xmc4_conf.o
 .debug_loc     0x00008be7       0x50 ./Dave/Generated/DAVE.o
 .debug_loc     0x00008c37      0x4d0 ./main.o

.debug_macinfo
 *(.debug_macinfo)

.debug_ranges   0x00000000      0xf10
 *(.debug_ranges)
 .debug_ranges  0x00000000       0x10 ./ext_lib/base.o
 .debug_ranges  0x00000010       0x90 ./ext_lib/tle94112el.o
 .debug_ranges  0x000000a0       0x38 ./Startup/system_XMC4700.o
 .debug_ranges  0x000000d8       0x18 ./Libraries/XMCLib/src/xmc4_eru.o
 .debug_ranges  0x000000f0       0x18 ./Libraries/XMCLib/src/xmc4_gpio.o
 .debug_ranges  0x00000108      0x3d0 ./Libraries/XMCLib/src/xmc4_scu.o
 .debug_ranges  0x000004d8       0x78 ./Libraries/XMCLib/src/xmc_eru.o
 .debug_ranges  0x00000550       0x18 ./Libraries/XMCLib/src/xmc_gpio.o
 .debug_ranges  0x00000568       0x78 ./Libraries/XMCLib/src/xmc_spi.o
 .debug_ranges  0x000005e0       0xa0 ./Libraries/XMCLib/src/xmc_usic.o
 .debug_ranges  0x00000680       0x18 ./Libraries/Newlib/syscalls.o
 .debug_ranges  0x00000698      0x170 ./Dave/Generated/SPI_MASTER/spi_master.o
 .debug_ranges  0x00000808       0x98 ./Dave/Generated/SPI_MASTER/spi_master_conf.o
 .debug_ranges  0x000008a0       0x50 ./Dave/Generated/PIN_INTERRUPT/pin_interrupt.o
 .debug_ranges  0x000008f0       0x70 ./Dave/Generated/FREERTOS/portable/GCC/port.o
 .debug_ranges  0x00000960       0x18 ./Dave/Generated/FREERTOS/heap.o
 .debug_ranges  0x00000978       0x30 ./Dave/Generated/FREERTOS/list.o
 .debug_ranges  0x000009a8      0x160 ./Dave/Generated/FREERTOS/queue.o
 .debug_ranges  0x00000b08      0x220 ./Dave/Generated/FREERTOS/tasks.o
 .debug_ranges  0x00000d28       0xd0 ./Dave/Generated/FREERTOS/timers.o
 .debug_ranges  0x00000df8       0x18 ./Dave/Generated/DIGITAL_IO/digital_io.o
 .debug_ranges  0x00000e10       0x18 ./Dave/Generated/CPU_CTRL_XMC4/cpu_ctrl_xmc4_conf.o
 .debug_ranges  0x00000e28       0x28 ./Dave/Generated/CLOCK_XMC4/clock_xmc4.o
 .debug_ranges  0x00000e50       0x10 ./Dave/Generated/CLOCK_XMC4/clock_xmc4_conf.o
 .debug_ranges  0x00000e60       0x10 ./Dave/Generated/DAVE.o
 .debug_ranges  0x00000e70       0xa0 ./main.o

.debug_weaknames
 *(.debug_weaknames)

.debug_funcnames
 *(.debug_funcnames)

.debug_typenames
 *(.debug_typenames)

.debug_varnames
 *(.debug_varnames)

.build_attributes
                0x00000000      0x81d
 *(.ARM.attributes)
 .ARM.attributes
                0x00000000       0x37 ./ext_lib/base.o
 .ARM.attributes
                0x00000037       0x37 ./ext_lib/tle94112el.o
 .ARM.attributes
                0x0000006e       0x25 ./Startup/startup_XMC4700.o
 .ARM.attributes
                0x00000093       0x37 ./Startup/system_XMC4700.o
 .ARM.attributes
                0x000000ca       0x37 ./Libraries/XMCLib/src/xmc4_eru.o
 .ARM.attributes
                0x00000101       0x37 ./Libraries/XMCLib/src/xmc4_gpio.o
 .ARM.attributes
                0x00000138       0x37 ./Libraries/XMCLib/src/xmc4_scu.o
 .ARM.attributes
                0x0000016f       0x37 ./Libraries/XMCLib/src/xmc_eru.o
 .ARM.attributes
                0x000001a6       0x37 ./Libraries/XMCLib/src/xmc_gpio.o
 .ARM.attributes
                0x000001dd       0x37 ./Libraries/XMCLib/src/xmc_spi.o
 .ARM.attributes
                0x00000214       0x37 ./Libraries/XMCLib/src/xmc_usic.o
 .ARM.attributes
                0x0000024b       0x37 ./Libraries/Newlib/syscalls.o
 .ARM.attributes
                0x00000282       0x37 ./Dave/Generated/SPI_MASTER/spi_master.o
 .ARM.attributes
                0x000002b9       0x37 ./Dave/Generated/SPI_MASTER/spi_master_conf.o
 .ARM.attributes
                0x000002f0       0x37 ./Dave/Generated/PIN_INTERRUPT/pin_interrupt.o
 .ARM.attributes
                0x00000327       0x37 ./Dave/Generated/PIN_INTERRUPT/pin_interrupt_conf.o
 .ARM.attributes
                0x0000035e       0x37 ./Dave/Generated/FREERTOS/portable/GCC/port.o
 .ARM.attributes
                0x00000395       0x37 ./Dave/Generated/FREERTOS/heap.o
 .ARM.attributes
                0x000003cc       0x37 ./Dave/Generated/FREERTOS/list.o
 .ARM.attributes
                0x00000403       0x37 ./Dave/Generated/FREERTOS/queue.o
 .ARM.attributes
                0x0000043a       0x37 ./Dave/Generated/FREERTOS/tasks.o
 .ARM.attributes
                0x00000471       0x37 ./Dave/Generated/FREERTOS/timers.o
 .ARM.attributes
                0x000004a8       0x37 ./Dave/Generated/DIGITAL_IO/digital_io.o
 .ARM.attributes
                0x000004df       0x37 ./Dave/Generated/DIGITAL_IO/digital_io_conf.o
 .ARM.attributes
                0x00000516       0x37 ./Dave/Generated/CPU_CTRL_XMC4/cpu_ctrl_xmc4_conf.o
 .ARM.attributes
                0x0000054d       0x37 ./Dave/Generated/CLOCK_XMC4/clock_xmc4.o
 .ARM.attributes
                0x00000584       0x37 ./Dave/Generated/CLOCK_XMC4/clock_xmc4_conf.o
 .ARM.attributes
                0x000005bb       0x37 ./Dave/Generated/DAVE.o
 .ARM.attributes
                0x000005f2       0x37 ./main.o
 .ARM.attributes
                0x00000629       0x32 c:/users/forge-15r/dave-ide-4.4.2-64bit/eclipse/arm-gcc-49/bin/../lib/gcc/arm-none-eabi/4.9.3/../../../../arm-none-eabi/lib/armv7e-m/softfp\libg_nano.a(lib_a-errno.o)
 .ARM.attributes
                0x0000065b       0x32 c:/users/forge-15r/dave-ide-4.4.2-64bit/eclipse/arm-gcc-49/bin/../lib/gcc/arm-none-eabi/4.9.3/../../../../arm-none-eabi/lib/armv7e-m/softfp\libg_nano.a(lib_a-impure.o)
 .ARM.attributes
                0x0000068d       0x32 c:/users/forge-15r/dave-ide-4.4.2-64bit/eclipse/arm-gcc-49/bin/../lib/gcc/arm-none-eabi/4.9.3/../../../../arm-none-eabi/lib/armv7e-m/softfp\libg_nano.a(lib_a-init.o)
 .ARM.attributes
                0x000006bf       0x32 c:/users/forge-15r/dave-ide-4.4.2-64bit/eclipse/arm-gcc-49/bin/../lib/gcc/arm-none-eabi/4.9.3/../../../../arm-none-eabi/lib/armv7e-m/softfp\libg_nano.a(lib_a-malloc.o)
 .ARM.attributes
                0x000006f1       0x32 c:/users/forge-15r/dave-ide-4.4.2-64bit/eclipse/arm-gcc-49/bin/../lib/gcc/arm-none-eabi/4.9.3/../../../../arm-none-eabi/lib/armv7e-m/softfp\libg_nano.a(lib_a-memcpy.o)
 .ARM.attributes
                0x00000723       0x32 c:/users/forge-15r/dave-ide-4.4.2-64bit/eclipse/arm-gcc-49/bin/../lib/gcc/arm-none-eabi/4.9.3/../../../../arm-none-eabi/lib/armv7e-m/softfp\libg_nano.a(lib_a-memset.o)
 .ARM.attributes
                0x00000755       0x32 c:/users/forge-15r/dave-ide-4.4.2-64bit/eclipse/arm-gcc-49/bin/../lib/gcc/arm-none-eabi/4.9.3/../../../../arm-none-eabi/lib/armv7e-m/softfp\libg_nano.a(lib_a-nano-freer.o)
 .ARM.attributes
                0x00000787       0x32 c:/users/forge-15r/dave-ide-4.4.2-64bit/eclipse/arm-gcc-49/bin/../lib/gcc/arm-none-eabi/4.9.3/../../../../arm-none-eabi/lib/armv7e-m/softfp\libg_nano.a(lib_a-nano-mallocr.o)
 .ARM.attributes
                0x000007b9       0x32 c:/users/forge-15r/dave-ide-4.4.2-64bit/eclipse/arm-gcc-49/bin/../lib/gcc/arm-none-eabi/4.9.3/../../../../arm-none-eabi/lib/armv7e-m/softfp\libg_nano.a(lib_a-sbrkr.o)
 .ARM.attributes
                0x000007eb       0x32 c:/users/forge-15r/dave-ide-4.4.2-64bit/eclipse/arm-gcc-49/bin/../lib/gcc/arm-none-eabi/4.9.3/../../../../arm-none-eabi/lib/armv7e-m/softfp\libg_nano.a(lib_a-reent.o)
OUTPUT(freertos_motor.elf elf32-littlearm)
